<!DOCTYPE html PUBLIC "-//W3C//DTD XHTML 1.csv.0 Strict//EN" >
<html lang="en"><head>
<meta content="text/html" charset="UTF-8" />
<title>My page</title>
</head>

<style type="text/css">
body { 
    margin-left: 20px; 
    } 
.middle {
    # width:600px;
    # margin: 0 auto;
    text-align: center;
}
h3 {
color:#003C9D;
}
th {
background:#FFFFBB;
font-size:8px;
color:#505050;
}
# th.click{
# text-decoration:underline
# }
th.head {
font-size:12px;
color:#003C9D;
}
table.gridtable {
    font-family: verdana,arial,sans-serif;
    font-size:10px;
    margin—left:50px;
    border-width: 1px;
    border-color: #666666;
    border-collapse: collapse;
}
table.gridtable td {
    border-width: 1px;
    padding: 8px;
    width:800px;
    border-style: solid;
    border-color: #666666;
    background:#dcddc0;
}
</style>
<body>
<h2 class="middle">----- PostgreSQL 巡检报告 -----</p><table border="1.csv" id="later_table" class="gridtable"><tbody><tr><th rowspan="7" class="head">操作系统信息</th><th onclick="scoll(this)" class=host>主机名</th><th onclick="scoll(this)" class=load_info>以太链路信息</th><th onclick="scoll(this)" class=ip_info>IP地址信息</th><th onclick="scoll(this)" class=route_info>路由信息</th><th onclick="scoll(this)" class=os_core>操作系统内核</th></tr><tr><th onclick="scoll(this)" class=mem_info>内存(MB)</th><th onclick="scoll(this)" class=CPU>CPU</th><th onclick="scoll(this)" class=block_device>块设备</th><th onclick="scoll(this)" class=tuopu>拓扑</th><th onclick="scoll(this)" class=proce_tree>进程树</th></tr><tr><th onclick="scoll(this)" class=sys_conf>/etc/sysctl.conf </th><th onclick="scoll(this)" class=limit_conf>/etc/security/limits.conf </th><th onclick="scoll(this)" class=limitsd>/etc/security/limits.d/*.conf </th><th onclick="scoll(this)" class=iptables>/etc/sysconfig/iptables </th><th onclick="scoll(this)" class=fstab>/etc/fstab </th></tr><tr><th onclick="scoll(this)" class=rclocal>/etc/rc.local </th><th onclick="scoll(this)" class=selinuxcon>/etc/selinux/config </th><th onclick="scoll(this)" class=grub>/boot/grub/grub.conf </th><th onclick="scoll(this)" class=cron>/var/spool/cron 用户cron配置 </th><th onclick="scoll(this)" class=chkconfig>chkconfig --list </th></tr><tr><th onclick="scoll(this)" class=filter>iptables -L -v -n -t filter 动态配置信息</th><th onclick="scoll(this)" class=nat>iptables -L -v -n -t nat 动态配置信息</th><th onclick="scoll(this)" class=mangle>iptables -L -v -n -t mangle 动态配置信息</th><th onclick="scoll(this)" class=raw>iptables -L -v -n -t raw 动态配置信息</th><th onclick="scoll(this)" class=sysctl>sysctl -a 动态配置信息</th></tr><tr><th onclick="scoll(this)" class=mount>mount 动态配置信息</th><th onclick="scoll(this)" class=smart>硬盘SMART信息(需要root)</th><th onclick="scoll(this)" class=bootlog>/var/log/boot.log </th><th onclick="scoll(this)" class=cron_need>/var/log/cron(需要root) </th><th onclick="scoll(this)" class=dmesg>/var/log/dmesg </th></tr><tr><th onclick="scoll(this)" class=messages_root>/var/log/messages(需要root) </th><th onclick="scoll(this)" class=secure_root>/var/log/secure(需要root) </th><th onclick="scoll(this)" class=wtmplg>/var/log/wtmp </th><th ></th><th ></th></tr><tr><th rowspan="3" class="head">数据库信息</th><th onclick="scoll(this)" class=db_version>数据库版本</th><th onclick="scoll(this)" class=plugin_version>用户已安装的插件版本</th><th onclick="scoll(this)" class=data_type>用户使用了多少种数据类型</th><th onclick="scoll(this)" class=data_obj>用户创建了多少对象</th><th onclick="scoll(this)" class=use_pic>用户对象占用空间的柱状图</th></tr><tr><th onclick="scoll(this)" class=sys_cron>当前用户的操作系统定时任务</th><th onclick="scoll(this)" class=recovery_md5>获取recovery.done md5值</th><th onclick="scoll(this)" class=recovery_done>获取recovery.done配置</th><th onclick="scoll(this)" class=pg_hba_md5>获取pg_hba.conf md5值</th><th onclick="scoll(this)" class=pg_hba>获取pg_hba.conf配置</th></tr><tr><th onclick="scoll(this)" class=postgresqlmd5>获取postgresql.conf md5值</th><th ></th><th ></th><th ></th><th ></th></tr><tr><th rowspan="1" class="head">数据库错误日志分析</th><th onclick="scoll(this)" class=error_connct>获取连接请求情况</th><th onclick="scoll(this)" class=error_auth>获取认证失败情况</th><th ></th><th ></th><th ></th></tr><tr><th rowspan="1" class="head">数据库慢SQL日志分析</th><th onclick="scoll(this)" class=auto_explain>auto_explain 分析统计</th><th ></th><th ></th><th ></th><th ></th></tr><tr><th rowspan="1" class="head">数据库空间使用分析</th><th onclick="scoll(this)" class=tablesp_use>输出表空间使用情况</th><th onclick="scoll(this)" class=db_use>输出数据库使用情况</th><th onclick="scoll(this)" class=top_10>TOP 10 size对象</th><th ></th><th ></th></tr><tr><th rowspan="1" class="head">数据库连接分析</th><th onclick="scoll(this)" class=active_val>当前活跃度</th><th onclick="scoll(this)" class=last_connect_num>总剩余连接数</th><th onclick="scoll(this)" class=user_connect_limit>用户连接数限制</th><th onclick="scoll(this)" class=db_connect_limit>数据库连接限制</th><th ></th></tr><tr><th rowspan="1" class="head">数据库性能分析</th><th onclick="scoll(this)" class=total_cpu_time>TOP 5 SQL </th><th onclick="scoll(this)" class=index_10mb>索引数超过4并且SIZE大于10MB的表</th><th onclick="scoll(this)" class=index_use_less>上次巡检以来未使用或使用较少的索引</th><th onclick="scoll(this)" class=complex>数据库统计信息, 回滚比例, 命中比例, 数据块读写时间, 死锁, 复制冲突</th><th onclick="scoll(this)" class=bgwriter>检查点, bgwriter 统计信息</th></tr><tr><th rowspan="1" class="head">数据库垃圾分析</th><th onclick="scoll(this)" class=table_bom>表引膨胀检查</th><th onclick="scoll(this)" class=index_bom>索引膨胀检查</th><th onclick="scoll(this)" class=rubbish_data>垃圾数据</th><th onclick="scoll(this)" class=nouse_obj>未引用的大对象</th><th ></th></tr><tr><th rowspan="1" class="head">数据库年龄分析</th><th onclick="scoll(this)" class=db_age>数据库年龄</th><th onclick="scoll(this)" class=table_age>表年龄</th><th onclick="scoll(this)" class=long_con>长事务, 2PC</th><th ></th><th ></th></tr><tr><th rowspan="1" class="head">数据库XLOG, 流复制状态分析</th><th onclick="scoll(this)" class=auto_back_rubbish>是否开启归档, 自动垃圾回收</th><th onclick="scoll(this)" class=archive_info>归档统计信息</th><th onclick="scoll(this)" class=cream_info>流复制统计信息</th><th onclick="scoll(this)" class=cream_cha>流复制插槽</th><th ></th></tr><tr><th rowspan="3" class="head">数据库安全或潜在风险分析</th><th onclick="scoll(this)" class=password_check>密码泄露检查</th><th onclick="scoll(this)" class=pwd_check>简单密码检查</th><th onclick="scoll(this)" class=user_datetime>用户密码到期时间</th><th onclick="scoll(this)" class=sql_fisk>SQL注入风险分析</th><th onclick="scoll(this)" class=normal_obj>普通用户对象上的规则安全检查</th></tr><tr><th onclick="scoll(this)" class=normal_func>普通用户自定义函数安全检查</th><th onclick="scoll(this)" class=unlogged>unlogged table 和 哈希索引</th><th onclick="scoll(this)" class=sequense_check>剩余可使用次数不足1000万次的序列检查</th><th onclick="scoll(this)" class=triger>触发器, 事件触发器</th><th onclick="scoll(this)" class=out_obj_name>检查是否使用了a-z 0-9 _ 以外的字母作为对象名</th></tr><tr><th onclick="scoll(this)" class=lock_wait>锁等待</th><th onclick="scoll(this)" class=inherit_replation>继承关系检查</th><th ></th><th ></th><th ></th></tr><tr><th rowspan="1" class="head">重置统计信息</th><th onclick="scoll(this)" class=reback_info>重置统计信息</th><th onclick="scoll(this)" class=pg_stat_statements>重置pg_stat_statements统计信息</th><th ></th><th ></th><th ></th></tr><tr><th rowspan="1" class="head">附加信息</th><th onclick="scoll(this)" class=addtion>附件1 </th><th ></th><th ></th><th ></th><th ></th></tr></table><br></br></br></br></br><h3 class="title_h1">操作系统配置文件、静态配置信息</h2><table class="gridtable" id="sys_silent_info"><td>----->>>---->>>  操作系统配置文件 静态配置信息: 
<br></td></table><br><h3 class="title_h1">selinux 动态配置信息</h2><table class="gridtable" id="selinux_info"><td>----->>>---->>>  selinux 动态配置信息: 
<br>SELinux status:                 disabled
<br></td></table><br><h3 class="title_h1">Transparent Huge Page</h2><table class="gridtable" id="bank_thp"><td>----->>>---->>>  建议禁用Transparent Huge Pages (THP): 
<br>[always] madvise never
<br>[always] madvise never
<br></td></table><br><h3 class="title_h1">配置文件检查</h2><table class="gridtable" id="postgresql"><td>----->>>---->>>  获取postgresql.conf配置: 
<br>建议: 
<br>    主备配置尽量保持一致, 配置合理的参数值.
<br>    建议修改的参数列表如下  ( 假设操作系统内存为128GB, 数据库独占操作系统, 数据库版本9.4.x, 其他版本可能略有不同, 未来再更新进来 )  : 
<br>echo 
<br>listen_addresses = '0.0.0.0'            # 监听所有IPV4地址
<br>port = 1921                             # 监听非默认端口
<br>max_connections = 4000                  # 最大允许连接数
<br>superuser_reserved_connections = 20     # 为超级用户保留的连接
<br>unix_socket_directories = '.'           # unix socket文件目录最好放在/data/postgres/data中, 确保安全
<br>unix_socket_permissions = 0700          # 确保权限安全
<br>tcp_keepalives_idle = 30                # 间歇性发送TCP心跳包, 防止连接被网络设备中断.
<br>tcp_keepalives_interval = 10
<br>tcp_keepalives_count = 10
<br>shared_buffers = 16GB                   # 数据库自己管理的共享内存大小, 如果用大页, 建议设置为: 内存 - 100*work_mem - autovacuum_max_workers*(autovacuum_work_mem or autovacuum_work_mem) - max_connections*1MB
<br>huge_pages = try                        # 尽量使用大页, 需要操作系统支持, 配置vm.nr_hugepages*2MB大于shared_buffers.
<br>maintenance_work_mem = 512MB            # 可以加速创建索引, 回收垃圾(假设没有设置autovacuum_work_mem)
<br>autovacuum_work_mem = 512MB             # 可以加速回收垃圾
<br>shared_preload_libraries = 'auth_delay,passwordcheck,pg_stat_statements,auto_explain'           # 建议防止暴力破解, 密码复杂度检测, 开启pg_stat_statements, 开启auto_explain, 参考 http://blog.163.com/digoal@126/blog/static/16387704020149852941586  
<br>bgwriter_delay = 10ms                   # bgwriter process间隔多久调用write接口(注意不是fsync)将shared buffer中的dirty page写到文件系统.
<br>bgwriter_lru_maxpages = 1000            # 一个周期最多写多少脏页
<br>max_worker_processes = 20               # 如果要使用worker process, 最多可以允许fork 多少个worker进程.
<br>wal_level = logical                     # 如果将来打算使用logical复制, 最后先配置好, 不需要停机再改.
<br>synchronous_commit = off                # 如果磁盘的IOPS能力一般, 建议使用异步提交来提高性能, 但是数据库crash或操作系统crash时, 最多可能丢失2*wal_writer_delay时间段产生的事务日志(在wal buffer中). 
<br>wal_sync_method = open_datasync         # 使用pg_test_fsync测试wal所在磁盘的fsync接口, 使用性能好的.
<br>wal_buffers = 16MB
<br>wal_writer_delay = 10ms
<br>checkpoint_segments = 1024              # 等于shared_buffers除以单个wal segment的大小.
<br>checkpoint_timeout = 50min
<br>checkpoint_completion_target = 0.8
<br>archive_mode = on                       # 最好先开启, 否则需要重启数据库来修改
<br>archive_command = '/bin/date'           # 最好先开启, 否则需要重启数据库来修改, 将来修改为正确的命令例如, test ! -f /home/postgres/archivedir/pg_root/%f && cp %p /home/postgres/archivedir/pg_root/%f
<br>max_wal_senders = 32                    # 最多允许多少个wal sender进程.
<br>wal_keep_segments = 2048                # 在pg_xlog目录中保留的WAL文件数, 根据流复制业务的延迟情况和pg_xlog目录大小来预估.
<br>max_replication_slots = 32              # 最多允许多少个复制插槽
<br>hot_standby = on
<br>max_standby_archive_delay = 300s        # 如果备库要被用于只读, 有大的查询的情况下, 如果遇到conflicts, 可以考虑调整这个值来避免conflict造成cancel query.
<br>max_standby_streaming_delay = 300s      # 如果备库要被用于只读, 有大的查询的情况下, 如果遇到conflicts, 可以考虑调整这个值来避免conflict造成cancel query.
<br>wal_receiver_status_interval = 1s
<br>hot_standby_feedback = off               # 建议关闭, 如果备库出现long query，可能导致主库频繁的autovacuum(比如出现无法回收被需要的垃圾时)
<br>vacuum_defer_cleanup_age = 0             # 建议设置为0，避免主库出现频繁的autovacuum无用功，也许新版本会改进。
<br>random_page_cost = 1.3                    # 根据IO能力调整(企业级SSD为例 1.3是个经验值)
<br>effective_cache_size = 100GB            # 调整为与内存一样大, 或者略小(减去shared_buffer). 用来评估OS PAGE CACHE可以用到的内存大小.
<br>log_destination = 'csvlog'
<br>logging_collector = on
<br>log_truncate_on_rotation = on
<br>log_rotation_size = 10MB
<br>log_min_duration_statement = 1s
<br>log_checkpoints = on
<br>log_connections = on
<br>log_disconnections = on
<br>log_error_verbosity = verbose           # 在日志中输出代码位置
<br>log_lock_waits = on
<br>log_statement = 'ddl'
<br>autovacuum = on
<br>log_autovacuum_min_duration = 0
<br>autovacuum_max_workers = 10              # 根据实际频繁变更或删除记录的对象数决定
<br>autovacuum_naptime = 30s                  # 快速唤醒, 防止膨胀
<br>autovacuum_vacuum_scale_factor = 0.1    # 当垃圾超过比例时, 启动垃圾回收工作进程
<br>autovacuum_analyze_scale_factor = 0.2  
<br>autovacuum_freeze_max_age = 1600000000
<br>autovacuum_multixact_freeze_max_age = 1600000000
<br>vacuum_freeze_table_age = 1500000000
<br>vacuum_multixact_freeze_table_age = 1500000000
<br>auth_delay.milliseconds = 5000          # 认证失败, 延迟多少毫秒反馈
<br>auto_explain.log_min_duration = 5000    # 记录超过多少毫秒的SQL当时的执行计划
<br>auto_explain.log_analyze = true
<br>auto_explain.log_verbose = true
<br>auto_explain.log_buffers = true
<br>auto_explain.log_nested_statements = true
<br>pg_stat_statements.track_utility=off
<br>    建议的操作系统配置(根据实际情况修改) : 
<br>vi /etc/sysctl.conf
<br># add by digoal.zhou
<br>fs.aio-max-nr = 1048576
<br>fs.file-max = 76724600
<br>kernel.core_pattern= /data01/corefiles/core_%e_%u_%t_%s.%p         
<br># /data01/corefiles事先建好，权限777
<br>kernel.sem = 4096 2147483647 2147483646 512000    
<br># 信号量, ipcs -l 或 -u 查看，每16个进程一组，每组信号量需要17个信号量。
<br>kernel.shmall = 107374182      
<br># 所有共享内存段相加大小限制(建议内存的80%)
<br>kernel.shmmax = 274877906944   
<br># 最大单个共享内存段大小(建议为内存一半), >9.2的版本已大幅降低共享内存的使用
<br>kernel.shmmni = 819200         
<br># 一共能生成多少共享内存段，每个PG数据库集群至少2个共享内存段
<br>net.core.netdev_max_backlog = 10000
<br>net.core.rmem_default = 262144       
<br># The default setting of the socket receive buffer in bytes.
<br>net.core.rmem_max = 4194304          
<br># The maximum receive socket buffer size in bytes
<br>net.core.wmem_default = 262144       
<br># The default setting (in bytes) of the socket send buffer.
<br>net.core.wmem_max = 4194304          
<br># The maximum send socket buffer size in bytes.
<br>net.core.somaxconn = 4096
<br>net.ipv4.tcp_max_syn_backlog = 4096
<br>net.ipv4.tcp_keepalive_intvl = 20
<br>net.ipv4.tcp_keepalive_probes = 3
<br>net.ipv4.tcp_keepalive_time = 60
<br>net.ipv4.tcp_mem = 8388608 12582912 16777216
<br>net.ipv4.tcp_fin_timeout = 5
<br>net.ipv4.tcp_synack_retries = 2
<br>net.ipv4.tcp_syncookies = 1    
<br># 开启SYN Cookies。当出现SYN等待队列溢出时，启用cookie来处理，可防范少量的SYN攻击
<br>net.ipv4.tcp_timestamps = 1    
<br># 减少time_wait
<br>net.ipv4.tcp_tw_recycle = 0    
<br># 如果=1则开启TCP连接中TIME-WAIT套接字的快速回收，但是NAT环境可能导致连接失败，建议服务端关闭它
<br>net.ipv4.tcp_tw_reuse = 1      
<br># 开启重用。允许将TIME-WAIT套接字重新用于新的TCP连接
<br>net.ipv4.tcp_max_tw_buckets = 262144
<br>net.ipv4.tcp_rmem = 8192 87380 16777216
<br>net.ipv4.tcp_wmem = 8192 65536 16777216
<br>net.nf_conntrack_max = 1200000
<br>net.netfilter.nf_conntrack_max = 1200000
<br>vm.dirty_background_bytes = 409600000       
<br>#  系统脏页到达这个值，系统后台刷脏页调度进程 pdflush（或其他） 自动将(dirty_expire_centisecs/100）秒前的脏页刷到磁盘
<br>vm.dirty_expire_centisecs = 3000             
<br>#  比这个值老的脏页，将被刷到磁盘。3000表示30秒。
<br>vm.dirty_ratio = 95                          
<br>#  如果系统进程刷脏页太慢，使得系统脏页超过内存 95 % 时，则用户进程如果有写磁盘的操作（如fsync, fdatasync等调用），则需要主动把系统脏页刷出。
<br>#  有效防止用户进程刷脏页，在单机多实例，并且使用CGROUP限制单实例IOPS的情况下非常有效。  
<br>vm.dirty_writeback_centisecs = 100            
<br>#  pdflush（或其他）后台刷脏页进程的唤醒间隔， 100表示1秒。
<br>vm.extra_free_kbytes = 4096000
<br>vm.min_free_kbytes = 2097152
<br>vm.mmap_min_addr = 65536
<br>vm.overcommit_memory = 0     
<br>#  在分配内存时，允许少量over malloc, 如果设置为 1, 则认为总是有足够的内存，内存较少的测试环境可以使用 1 .  
<br>vm.overcommit_ratio = 90     
<br>#  当overcommit_memory = 2 时，用于参与计算允许指派的内存大小。
<br>vm.swappiness = 0            
<br>#  关闭交换分区
<br>vm.zone_reclaim_mode = 0     
<br># 禁用 numa, 或者在vmlinux中禁止. 
<br>net.ipv4.ip_local_port_range = 40000 65535    
<br># 本地自动分配的TCP, UDP端口号范围
<br>#  vm.nr_hugepages = 102352    
<br>#  建议shared buffer设置超过64GB时 使用大页，页大小 /proc/meminfo Hugepagesize
<br>vi /etc/security/limits.conf
<br>* soft    nofile  1024000
<br>* hard    nofile  1024000
<br>* soft    nproc   unlimited
<br>* hard    nproc   unlimited
<br>* soft    core    unlimited
<br>* hard    core    unlimited
<br>* soft    memlock unlimited
<br>* hard    memlock unlimited
<br>rm -f /etc/security/limits.d/90-nproc.conf
<br> 
<br></td></table><br><h3 class="title_h1">用户或数据库级别定制参数</h2><table class="gridtable" id="design_config"><td>----->>>---->>>  用户或数据库级别定制参数: 
<br> setdatabase | setrole |          setconfig           
<br>-------------+---------+------------------------------
<br>           0 |   17608 | {default_tablespace=fsdbtbs}
<br>(1 row)
<br>建议: 
<br>    定制参数需要关注, 优先级高于数据库的启动参数和配置文件中的参数, 特别是排错时需要关注. 
<br></td></table><br><h3 class="title_h1">数据库错误日志分析</h2><table class="gridtable" id="error_log"><td>----->>>---->>>  获取错误日志信息: 
<br>建议: 
<br>    参考 http://www.postgresql.org/docs/current/static/errcodes-appendix.html .
<br></td></table><br><h3 class="title_h1">数据库慢SQL日志分析</h2><table class="gridtable" id="slow_log"><td>----->>>---->>>  慢查询统计: 
<br>建议: 
<br>    输出格式(条数,日期,用户,数据库,QUERY,耗时ms). 
<br>    慢查询反映执行时间超过log_min_duration_statement的SQL, 可以根据实际情况分析数据库或SQL语句是否有优化空间. 
<br></td></table><br><table class="gridtable" id="top10_slowselect"><td>----->>>---->>>  慢查询分布头10条的执行时间, ms: 
<br></td></table><br><table class="gridtable" id="tail10_slowselect"><td>----->>>---->>>  慢查询分布尾10条的执行时间, ms: 
<br></td></table><br><h3 class="title_h1">数据库空间使用分析</h2><table class="gridtable" id="file_last_time"><td>----->>>---->>>  输出文件系统剩余空间: 
<br>Filesystem              1M-blocks   Used Available Use% Mounted on
<br>/dev/mapper/centos-root     10946   3062      7885  28% /
<br>devtmpfs                     7932      0      7932   0% /dev
<br>tmpfs                        7943      1      7943   1% /dev/shm
<br>tmpfs                        7943    841      7103  11% /run
<br>tmpfs                        7943      0      7943   0% /sys/fs/cgroup
<br>/dev/sda1                     297    128       169  44% /boot
<br>/dev/mapper/centos-tmp       1014     33       982   4% /tmp
<br>/dev/mapper/centos-home      1014     65       950   7% /home
<br>/dev/mapper/centos-var       1014    691       324  69% /var
<br>/dev/mapper/datavg-data    507752 200478    307275  40% /data
<br>tmpfs                        1589      0      1589   0% /run/user/1000
<br>tmpfs                        1589      0      1589   0% /run/user/0
<br>建议: 
<br>    注意预留足够的空间给数据库. 
<br></td></table><br><table class="gridtable" id="tablesp_dir"><td>----->>>---->>>  输出表空间对应目录: 
<br>/data/postgres/data
<br>建议: 
<br>    注意表空间如果不是软链接, 注意是否刻意所为, 正常情况下应该是软链接. 
<br></td></table><br><p style="color:red;">-------------------------------------------- 第二部分------------------------------------------------</p></br></br></br><h3 class="title_h1">操作系统信息</h2><table class="gridtable" id="host"><td>----->>>---->>>  主机名: 
<br>tlpgdb1
<br></td></table><br><table class="gridtable" id="load_info"><td>----->>>---->>>  以太链路信息: 
<br>1: lo: <LOOPBACK,UP,LOWER_UP> mtu 65536 qdisc noqueue state UNKNOWN mode DEFAULT group default qlen 1000
<br>    link/loopback 00:00:00:00:00:00 brd 00:00:00:00:00:00
<br>2: ens192: <BROADCAST,MULTICAST,UP,LOWER_UP> mtu 1500 qdisc mq state UP mode DEFAULT group default qlen 1000
<br>    link/ether 00:50:56:92:0a:85 brd ff:ff:ff:ff:ff:ff
<br></td></table><br><table class="gridtable" id="ip_info"><td>----->>>---->>>  IP地址信息: 
<br>1: lo: <LOOPBACK,UP,LOWER_UP> mtu 65536 qdisc noqueue state UNKNOWN group default qlen 1000
<br>    link/loopback 00:00:00:00:00:00 brd 00:00:00:00:00:00
<br>    inet 127.0.0.1/8 scope host lo
<br>       valid_lft forever preferred_lft forever
<br>    inet6 ::1/128 scope host 
<br>       valid_lft forever preferred_lft forever
<br>2: ens192: <BROADCAST,MULTICAST,UP,LOWER_UP> mtu 1500 qdisc mq state UP group default qlen 1000
<br>    link/ether 00:50:56:92:0a:85 brd ff:ff:ff:ff:ff:ff
<br>    inet 10.6.11.192/23 brd 10.6.11.255 scope global noprefixroute ens192
<br>       valid_lft forever preferred_lft forever
<br>    inet 10.6.11.194/32 scope global ens192
<br>       valid_lft forever preferred_lft forever
<br>    inet6 fe80::d103:dafa:fbfc:705b/64 scope link tentative noprefixroute dadfailed 
<br>       valid_lft forever preferred_lft forever
<br>    inet6 fe80::a4a2:6df2:e5da:3b46/64 scope link noprefixroute 
<br>       valid_lft forever preferred_lft forever
<br></td></table><br><table class="gridtable" id="route_info"><td>----->>>---->>>  路由信息: 
<br>default via 10.6.10.192 dev ens192 proto static metric 100 
<br>10.6.10.0/23 dev ens192 proto kernel scope link src 10.6.11.192 metric 100 
<br></td></table><br><table class="gridtable" id="os_core"><td>----->>>---->>>  操作系统内核: 
<br>Linux tlpgdb1 3.10.0-957.el7.x86_64 #1 SMP Thu Nov 8 23:39:32 UTC 2018 x86_64 x86_64 x86_64 GNU/Linux
<br></td></table><br><table class="gridtable" id="mem_info"><td>----->>>---->>>  内存(MB): 
<br>              total        used        free      shared  buff/cache   available
<br>Mem:          15885         607         177        2166       15100       12730
<br>Swap:          2047        1241         806
<br></td></table><br><table class="gridtable" id="CPU"><td>----->>>---->>>  CPU: 
<br>Architecture:          x86_64
<br>CPU op-mode(s):        32-bit, 64-bit
<br>Byte Order:            Little Endian
<br>CPU(s):                8
<br>On-line CPU(s) list:   0-7
<br>Thread(s) per core:    1
<br>Core(s) per socket:    1
<br>Socket(s):             8
<br>NUMA node(s):          1
<br>Vendor ID:             GenuineIntel
<br>CPU family:            6
<br>Model:                 79
<br>Model name:            Intel(R) Xeon(R) Gold 6130 CPU @ 2.10GHz
<br>Stepping:              0
<br>CPU MHz:               2095.078
<br>BogoMIPS:              4190.15
<br>Hypervisor vendor:     VMware
<br>Virtualization type:   full
<br>L1d cache:             32K
<br>L1i cache:             32K
<br>L2 cache:              1024K
<br>L3 cache:              22528K
<br>NUMA node0 CPU(s):     0-7
<br>Flags:                 fpu vme de pse tsc msr pae mce cx8 apic sep mtrr pge mca cmov pat pse36 clflush dts mmx fxsr sse sse2 ss syscall nx pdpe1gb rdtscp lm constant_tsc arch_perfmon pebs bts nopl xtopology tsc_reliable nonstop_tsc eagerfpu pni pclmulqdq ssse3 fma cx16 pcid sse4_1 sse4_2 x2apic movbe popcnt tsc_deadline_timer aes xsave avx f16c rdrand hypervisor lahf_lm abm 3dnowprefetch ssbd ibrs ibpb stibp fsgsbase tsc_adjust bmi1 hle avx2 smep bmi2 invpcid rtm rdseed adx smap xsaveopt arat spec_ctrl intel_stibp flush_l1d arch_capabilities
<br></td></table><br><table class="gridtable" id="block_device"><td>----->>>---->>>  块设备: 
<br>NAME            MAJ:MIN RM   SIZE RO TYPE MOUNTPOINT
<br>sda               8:0    0    16G  0 disk 
<br>├─sda1            8:1    0   300M  0 part /boot
<br>└─sda2            8:2    0  15.7G  0 part 
<br>  ├─centos-root 253:0    0  10.7G  0 lvm  /
<br>  ├─centos-swap 253:1    0     2G  0 lvm  [SWAP]
<br>  ├─centos-tmp  253:2    0     1G  0 lvm  /tmp
<br>  ├─centos-var  253:3    0     1G  0 lvm  /var
<br>  └─centos-home 253:4    0     1G  0 lvm  /home
<br>sdb               8:16   0   500G  0 disk 
<br>└─datavg-data   253:5    0 496.1G  0 lvm  /data
<br>sr0              11:0    1  1024M  0 rom  
<br></td></table><br><table class="gridtable" id="tuopu"><td>----->>>---->>>  拓扑: 
<br></td></table><br><table class="gridtable" id="proce_tree"><td>----->>>---->>>  进程树: 
<br></td></table><br><table class="gridtable" id="sys_conf"><td>----->>>---->>>  /etc/sysctl.conf 
<br></td></table><br><table class="gridtable" id="limit_conf"><td>----->>>---->>>  /etc/security/limits.conf 
<br></td></table><br><table class="gridtable" id="limitsd"><td>----->>>---->>>  /etc/security/limits.d/*.conf 
<br>/etc/security/limits.d/20-nproc.conf : 
<br>*          soft    nproc     4096
<br>root       soft    nproc     unlimited
<br></td></table><br><table class="gridtable" id="iptables"><td>----->>>---->>>  /etc/sysconfig/iptables 
<br></td></table><br><table class="gridtable" id="fstab"><td>----->>>---->>>  /etc/fstab 
<br>#
<br># /etc/fstab
<br># Created by anaconda on Tue Sep  3 22:33:55 2019
<br>#
<br># Accessible filesystems, by reference, are maintained under '/dev/disk'
<br># See man pages fstab(5), findfs(8), mount(8) and/or blkid(8) for more info
<br>#
<br>/dev/mapper/centos-root /                       xfs     defaults        0 0
<br>UUID=abe4a41e-ad77-4049-a74e-c83347aeb4e1 /boot                   xfs     defaults        0 0
<br>/dev/mapper/centos-home /home                   xfs     defaults        0 0
<br>/dev/mapper/centos-tmp  /tmp                    xfs     defaults        0 0
<br>/dev/mapper/centos-var  /var                    xfs     defaults        0 0
<br>/dev/mapper/centos-swap swap                    swap    defaults        0 0
<br>/dev/mapper/datavg-data	/data			xfs	defaults        0 0
<br>10.6.23.10:/tl_pg_arch	/arch_backup		nfs	defaults	0 0
<br></td></table><br><table class="gridtable" id="rclocal"><td>----->>>---->>>  /etc/rc.local 
<br>#!/bin/bash
<br># THIS FILE IS ADDED FOR COMPATIBILITY PURPOSES
<br>#
<br># It is highly advisable to create own systemd services or udev rules
<br># to run scripts during boot instead of using this file.
<br>#
<br># In contrast to previous versions due to parallel execution during boot
<br># this script will NOT be run after all other services.
<br>#
<br># Please note that you must run 'chmod +x /etc/rc.d/rc.local' to ensure
<br># that this script will be executed during boot.
<br>touch /var/lock/subsys/local
<br> /home/zabbix/zabbix_agents1/sbin/zabbix_agentd -c /home/zabbix/zabbix_agents1/conf/zabbix_agentd.conf
<br></td></table><br><table class="gridtable" id="selinuxcon"><td>----->>>---->>>  /etc/selinux/config 
<br># This file controls the state of SELinux on the system.
<br># SELINUX= can take one of these three values:
<br>#     enforcing - SELinux security policy is enforced.
<br>#     permissive - SELinux prints warnings instead of enforcing.
<br>#     disabled - No SELinux policy is loaded.
<br>SELINUX=disabled
<br># SELINUXTYPE= can take one of three values:
<br>#     targeted - Targeted processes are protected,
<br>#     minimum - Modification of targeted policy. Only selected processes are protected. 
<br>#     mls - Multi Level Security protection.
<br>SELINUXTYPE=targeted 
<br></td></table><br><table class="gridtable" id="grub"><td>----->>>---->>>  /boot/grub/grub.conf 
<br></td></table><br><table class="gridtable" id="cron"><td>----->>>---->>>  /var/spool/cron 用户cron配置 
<br></td></table><br><table class="gridtable" id="chkconfig"><td>----->>>---->>>  chkconfig --list 
<br>netconsole     	0:off	1:off	2:off	3:off	4:off	5:off	6:off
<br>network        	0:off	1:off	2:on	3:on	4:on	5:on	6:off
<br></td></table><br><table class="gridtable" id="filter"><td>----->>>---->>>  iptables -L -v -n -t filter 动态配置信息: 
<br></td></table><br><table class="gridtable" id="nat"><td>----->>>---->>>  iptables -L -v -n -t nat 动态配置信息: 
<br></td></table><br><table class="gridtable" id="mangle"><td>----->>>---->>>  iptables -L -v -n -t mangle 动态配置信息: 
<br></td></table><br><table class="gridtable" id="raw"><td>----->>>---->>>  iptables -L -v -n -t raw 动态配置信息: 
<br></td></table><br><table class="gridtable" id="sysctl"><td>----->>>---->>>  sysctl -a 动态配置信息: 
<br>abi.vsyscall32 = 1
<br>crypto.fips_enabled = 0
<br>debug.exception-trace = 1
<br>debug.kprobes-optimization = 1
<br>debug.panic_on_rcu_stall = 0
<br>dev.cdrom.autoclose = 1
<br>dev.cdrom.autoeject = 0
<br>dev.cdrom.check_media = 0
<br>dev.cdrom.debug = 0
<br>dev.cdrom.info = CD-ROM information, Id: cdrom.c 3.20 2003/12/17
<br>dev.cdrom.info = 
<br>dev.cdrom.info = drive name:		sr0
<br>dev.cdrom.info = drive speed:		1
<br>dev.cdrom.info = drive # of slots:	1
<br>dev.cdrom.info = Can close tray:		1
<br>dev.cdrom.info = Can open tray:		1
<br>dev.cdrom.info = Can lock tray:		1
<br>dev.cdrom.info = Can change speed:	1
<br>dev.cdrom.info = Can select disk:	0
<br>dev.cdrom.info = Can read multisession:	1
<br>dev.cdrom.info = Can read MCN:		1
<br>dev.cdrom.info = Reports media changed:	1
<br>dev.cdrom.info = Can play audio:		1
<br>dev.cdrom.info = Can write CD-R:		1
<br>dev.cdrom.info = Can write CD-RW:	1
<br>dev.cdrom.info = Can read DVD:		1
<br>dev.cdrom.info = Can write DVD-R:	1
<br>dev.cdrom.info = Can write DVD-RAM:	1
<br>dev.cdrom.info = Can read MRW:		1
<br>dev.cdrom.info = Can write MRW:		1
<br>dev.cdrom.info = Can write RAM:		1
<br>dev.cdrom.info = 
<br>dev.cdrom.info = 
<br>dev.cdrom.lock = 1
<br>dev.hpet.max-user-freq = 64
<br>dev.mac_hid.mouse_button2_keycode = 97
<br>dev.mac_hid.mouse_button3_keycode = 100
<br>dev.mac_hid.mouse_button_emulation = 0
<br>dev.parport.default.spintime = 500
<br>dev.parport.default.timeslice = 200
<br>dev.raid.speed_limit_max = 200000
<br>dev.raid.speed_limit_min = 1000
<br>dev.scsi.logging_level = 0
<br>fs.aio-max-nr = 65536
<br>fs.aio-nr = 0
<br>fs.binfmt_misc.status = enabled
<br>fs.dentry-state = 23729	12412	45	0	0	0
<br>fs.dir-notify-enable = 1
<br>fs.epoll.max_user_watches = 3326545
<br>fs.file-max = 1609830
<br>fs.file-nr = 3136	0	1609830
<br>fs.inode-nr = 19728	1625
<br>fs.inode-state = 19728	1625	0	0	0	0	0
<br>fs.inotify.max_queued_events = 16384
<br>fs.inotify.max_user_instances = 128
<br>fs.inotify.max_user_watches = 8192
<br>fs.lease-break-time = 45
<br>fs.leases-enable = 1
<br>fs.may_detach_mounts = 0
<br>fs.mount-max = 100000
<br>fs.mqueue.msg_default = 10
<br>fs.mqueue.msg_max = 10
<br>fs.mqueue.msgsize_default = 8192
<br>fs.mqueue.msgsize_max = 8192
<br>fs.mqueue.queues_max = 256
<br>fs.nfs.idmap_cache_timeout = 0
<br>fs.nfs.nfs_callback_tcpport = 0
<br>fs.nfs.nfs_congestion_kb = 129024
<br>fs.nfs.nfs_mountpoint_timeout = 500
<br>fs.nfs.nlm_grace_period = 0
<br>fs.nfs.nlm_tcpport = 0
<br>fs.nfs.nlm_timeout = 10
<br>fs.nfs.nlm_udpport = 0
<br>fs.nfs.nsm_local_state = 3
<br>fs.nfs.nsm_use_hostnames = 0
<br>fs.nr_open = 1048576
<br>fs.overflowgid = 65534
<br>fs.overflowuid = 65534
<br>fs.pipe-max-size = 1048576
<br>fs.pipe-user-pages-hard = 0
<br>fs.pipe-user-pages-soft = 16384
<br>fs.quota.allocated_dquots = 0
<br>fs.quota.cache_hits = 0
<br>fs.quota.drops = 0
<br>fs.quota.free_dquots = 0
<br>fs.quota.lookups = 0
<br>fs.quota.reads = 0
<br>fs.quota.syncs = 0
<br>fs.quota.warnings = 1
<br>fs.quota.writes = 0
<br>fs.suid_dumpable = 0
<br>fs.xfs.age_buffer_centisecs = 1500
<br>fs.xfs.error_level = 3
<br>fs.xfs.filestream_centisecs = 3000
<br>fs.xfs.inherit_noatime = 1
<br>fs.xfs.inherit_nodefrag = 1
<br>fs.xfs.inherit_nodump = 1
<br>fs.xfs.inherit_nosymlinks = 0
<br>fs.xfs.inherit_sync = 1
<br>fs.xfs.irix_sgid_inherit = 0
<br>fs.xfs.irix_symlink_mode = 0
<br>fs.xfs.panic_mask = 0
<br>fs.xfs.rotorstep = 1
<br>fs.xfs.speculative_prealloc_lifetime = 300
<br>fs.xfs.stats_clear = 0
<br>fs.xfs.xfsbufd_centisecs = 100
<br>fs.xfs.xfssyncd_centisecs = 3000
<br>fscache.object_max_active = 8
<br>fscache.operation_max_active = 4
<br>kernel.acct = 4	2	30
<br>kernel.acpi_video_flags = 0
<br>kernel.auto_msgmni = 1
<br>kernel.bootloader_type = 114
<br>kernel.bootloader_version = 2
<br>kernel.cap_last_cap = 36
<br>kernel.compat-log = 1
<br>kernel.core_pattern = core
<br>kernel.core_pipe_limit = 0
<br>kernel.core_uses_pid = 1
<br>kernel.ctrl-alt-del = 0
<br>kernel.dmesg_restrict = 0
<br>kernel.domainname = (none)
<br>kernel.ftrace_dump_on_oops = 0
<br>kernel.ftrace_enabled = 1
<br>kernel.hardlockup_all_cpu_backtrace = 0
<br>kernel.hardlockup_panic = 1
<br>kernel.hostname = tlpgdb1
<br>kernel.hotplug = 
<br>kernel.hung_task_check_count = 4194304
<br>kernel.hung_task_panic = 0
<br>kernel.hung_task_timeout_secs = 120
<br>kernel.hung_task_warnings = 0
<br>kernel.io_delay_type = 0
<br>kernel.kexec_load_disabled = 0
<br>kernel.keys.gc_delay = 300
<br>kernel.keys.maxbytes = 20000
<br>kernel.keys.maxkeys = 200
<br>kernel.keys.persistent_keyring_expiry = 259200
<br>kernel.keys.root_maxbytes = 25000000
<br>kernel.keys.root_maxkeys = 1000000
<br>kernel.kptr_restrict = 0
<br>kernel.max_lock_depth = 1024
<br>kernel.modprobe = /sbin/modprobe
<br>kernel.modules_disabled = 0
<br>kernel.msg_next_id = -1
<br>kernel.msgmax = 8192
<br>kernel.msgmnb = 16384
<br>kernel.msgmni = 31765
<br>kernel.ngroups_max = 65536
<br>kernel.nmi_watchdog = 1
<br>kernel.ns_last_pid = 4599
<br>kernel.numa_balancing = 0
<br>kernel.numa_balancing_scan_delay_ms = 1000
<br>kernel.numa_balancing_scan_period_max_ms = 60000
<br>kernel.numa_balancing_scan_period_min_ms = 1000
<br>kernel.numa_balancing_scan_size_mb = 256
<br>kernel.numa_balancing_settle_count = 4
<br>kernel.osrelease = 3.10.0-957.el7.x86_64
<br>kernel.ostype = Linux
<br>kernel.overflowgid = 65534
<br>kernel.overflowuid = 65534
<br>kernel.panic = 0
<br>kernel.panic_on_io_nmi = 0
<br>kernel.panic_on_oops = 1
<br>kernel.panic_on_stackoverflow = 0
<br>kernel.panic_on_unrecovered_nmi = 0
<br>kernel.panic_on_warn = 0
<br>kernel.perf_cpu_time_max_percent = 25
<br>kernel.perf_event_max_sample_rate = 100000
<br>kernel.perf_event_mlock_kb = 516
<br>kernel.perf_event_paranoid = 2
<br>kernel.pid_max = 32768
<br>kernel.poweroff_cmd = /sbin/poweroff
<br>kernel.print-fatal-signals = 0
<br>kernel.printk = 4	4	1	7
<br>kernel.printk_delay = 0
<br>kernel.printk_ratelimit = 5
<br>kernel.printk_ratelimit_burst = 10
<br>kernel.pty.max = 4096
<br>kernel.pty.nr = 2
<br>kernel.pty.reserve = 1024
<br>kernel.random.boot_id = 95b203c5-1bdc-44d3-b3c2-0f83dacd5f08
<br>kernel.random.entropy_avail = 3768
<br>kernel.random.poolsize = 4096
<br>kernel.random.read_wakeup_threshold = 64
<br>kernel.random.urandom_min_reseed_secs = 60
<br>kernel.random.uuid = 1ab50dde-0fe0-435d-a940-479bbb7e2ddd
<br>kernel.random.write_wakeup_threshold = 896
<br>kernel.randomize_va_space = 2
<br>kernel.real-root-dev = 0
<br>kernel.sched_autogroup_enabled = 0
<br>kernel.sched_cfs_bandwidth_slice_us = 5000
<br>kernel.sched_child_runs_first = 0
<br>kernel.sched_domain.cpu0.domain0.busy_factor = 32
<br>kernel.sched_domain.cpu0.domain0.busy_idx = 2
<br>kernel.sched_domain.cpu0.domain0.cache_nice_tries = 1
<br>kernel.sched_domain.cpu0.domain0.flags = 4143
<br>kernel.sched_domain.cpu0.domain0.forkexec_idx = 0
<br>kernel.sched_domain.cpu0.domain0.idle_idx = 1
<br>kernel.sched_domain.cpu0.domain0.imbalance_pct = 125
<br>kernel.sched_domain.cpu0.domain0.max_interval = 16
<br>kernel.sched_domain.cpu0.domain0.max_newidle_lb_cost = 29888
<br>kernel.sched_domain.cpu0.domain0.min_interval = 8
<br>kernel.sched_domain.cpu0.domain0.name = DIE
<br>kernel.sched_domain.cpu0.domain0.newidle_idx = 0
<br>kernel.sched_domain.cpu0.domain0.wake_idx = 0
<br>kernel.sched_domain.cpu1.domain0.busy_factor = 32
<br>kernel.sched_domain.cpu1.domain0.busy_idx = 2
<br>kernel.sched_domain.cpu1.domain0.cache_nice_tries = 1
<br>kernel.sched_domain.cpu1.domain0.flags = 4143
<br>kernel.sched_domain.cpu1.domain0.forkexec_idx = 0
<br>kernel.sched_domain.cpu1.domain0.idle_idx = 1
<br>kernel.sched_domain.cpu1.domain0.imbalance_pct = 125
<br>kernel.sched_domain.cpu1.domain0.max_interval = 16
<br>kernel.sched_domain.cpu1.domain0.max_newidle_lb_cost = 5970
<br>kernel.sched_domain.cpu1.domain0.min_interval = 8
<br>kernel.sched_domain.cpu1.domain0.name = DIE
<br>kernel.sched_domain.cpu1.domain0.newidle_idx = 0
<br>kernel.sched_domain.cpu1.domain0.wake_idx = 0
<br>kernel.sched_domain.cpu2.domain0.busy_factor = 32
<br>kernel.sched_domain.cpu2.domain0.busy_idx = 2
<br>kernel.sched_domain.cpu2.domain0.cache_nice_tries = 1
<br>kernel.sched_domain.cpu2.domain0.flags = 4143
<br>kernel.sched_domain.cpu2.domain0.forkexec_idx = 0
<br>kernel.sched_domain.cpu2.domain0.idle_idx = 1
<br>kernel.sched_domain.cpu2.domain0.imbalance_pct = 125
<br>kernel.sched_domain.cpu2.domain0.max_interval = 16
<br>kernel.sched_domain.cpu2.domain0.max_newidle_lb_cost = 44377
<br>kernel.sched_domain.cpu2.domain0.min_interval = 8
<br>kernel.sched_domain.cpu2.domain0.name = DIE
<br>kernel.sched_domain.cpu2.domain0.newidle_idx = 0
<br>kernel.sched_domain.cpu2.domain0.wake_idx = 0
<br>kernel.sched_domain.cpu3.domain0.busy_factor = 32
<br>kernel.sched_domain.cpu3.domain0.busy_idx = 2
<br>kernel.sched_domain.cpu3.domain0.cache_nice_tries = 1
<br>kernel.sched_domain.cpu3.domain0.flags = 4143
<br>kernel.sched_domain.cpu3.domain0.forkexec_idx = 0
<br>kernel.sched_domain.cpu3.domain0.idle_idx = 1
<br>kernel.sched_domain.cpu3.domain0.imbalance_pct = 125
<br>kernel.sched_domain.cpu3.domain0.max_interval = 16
<br>kernel.sched_domain.cpu3.domain0.max_newidle_lb_cost = 54996
<br>kernel.sched_domain.cpu3.domain0.min_interval = 8
<br>kernel.sched_domain.cpu3.domain0.name = DIE
<br>kernel.sched_domain.cpu3.domain0.newidle_idx = 0
<br>kernel.sched_domain.cpu3.domain0.wake_idx = 0
<br>kernel.sched_domain.cpu4.domain0.busy_factor = 32
<br>kernel.sched_domain.cpu4.domain0.busy_idx = 2
<br>kernel.sched_domain.cpu4.domain0.cache_nice_tries = 1
<br>kernel.sched_domain.cpu4.domain0.flags = 4143
<br>kernel.sched_domain.cpu4.domain0.forkexec_idx = 0
<br>kernel.sched_domain.cpu4.domain0.idle_idx = 1
<br>kernel.sched_domain.cpu4.domain0.imbalance_pct = 125
<br>kernel.sched_domain.cpu4.domain0.max_interval = 16
<br>kernel.sched_domain.cpu4.domain0.max_newidle_lb_cost = 32903
<br>kernel.sched_domain.cpu4.domain0.min_interval = 8
<br>kernel.sched_domain.cpu4.domain0.name = DIE
<br>kernel.sched_domain.cpu4.domain0.newidle_idx = 0
<br>kernel.sched_domain.cpu4.domain0.wake_idx = 0
<br>kernel.sched_domain.cpu5.domain0.busy_factor = 32
<br>kernel.sched_domain.cpu5.domain0.busy_idx = 2
<br>kernel.sched_domain.cpu5.domain0.cache_nice_tries = 1
<br>kernel.sched_domain.cpu5.domain0.flags = 4143
<br>kernel.sched_domain.cpu5.domain0.forkexec_idx = 0
<br>kernel.sched_domain.cpu5.domain0.idle_idx = 1
<br>kernel.sched_domain.cpu5.domain0.imbalance_pct = 125
<br>kernel.sched_domain.cpu5.domain0.max_interval = 16
<br>kernel.sched_domain.cpu5.domain0.max_newidle_lb_cost = 38135
<br>kernel.sched_domain.cpu5.domain0.min_interval = 8
<br>kernel.sched_domain.cpu5.domain0.name = DIE
<br>kernel.sched_domain.cpu5.domain0.newidle_idx = 0
<br>kernel.sched_domain.cpu5.domain0.wake_idx = 0
<br>kernel.sched_domain.cpu6.domain0.busy_factor = 32
<br>kernel.sched_domain.cpu6.domain0.busy_idx = 2
<br>kernel.sched_domain.cpu6.domain0.cache_nice_tries = 1
<br>kernel.sched_domain.cpu6.domain0.flags = 4143
<br>kernel.sched_domain.cpu6.domain0.forkexec_idx = 0
<br>kernel.sched_domain.cpu6.domain0.idle_idx = 1
<br>kernel.sched_domain.cpu6.domain0.imbalance_pct = 125
<br>kernel.sched_domain.cpu6.domain0.max_interval = 16
<br>kernel.sched_domain.cpu6.domain0.max_newidle_lb_cost = 11860
<br>kernel.sched_domain.cpu6.domain0.min_interval = 8
<br>kernel.sched_domain.cpu6.domain0.name = DIE
<br>kernel.sched_domain.cpu6.domain0.newidle_idx = 0
<br>kernel.sched_domain.cpu6.domain0.wake_idx = 0
<br>kernel.sched_domain.cpu7.domain0.busy_factor = 32
<br>kernel.sched_domain.cpu7.domain0.busy_idx = 2
<br>kernel.sched_domain.cpu7.domain0.cache_nice_tries = 1
<br>kernel.sched_domain.cpu7.domain0.flags = 4143
<br>kernel.sched_domain.cpu7.domain0.forkexec_idx = 0
<br>kernel.sched_domain.cpu7.domain0.idle_idx = 1
<br>kernel.sched_domain.cpu7.domain0.imbalance_pct = 125
<br>kernel.sched_domain.cpu7.domain0.max_interval = 16
<br>kernel.sched_domain.cpu7.domain0.max_newidle_lb_cost = 20485
<br>kernel.sched_domain.cpu7.domain0.min_interval = 8
<br>kernel.sched_domain.cpu7.domain0.name = DIE
<br>kernel.sched_domain.cpu7.domain0.newidle_idx = 0
<br>kernel.sched_domain.cpu7.domain0.wake_idx = 0
<br>kernel.sched_latency_ns = 24000000
<br>kernel.sched_migration_cost_ns = 500000
<br>kernel.sched_min_granularity_ns = 10000000
<br>kernel.sched_nr_migrate = 32
<br>kernel.sched_rr_timeslice_ms = 100
<br>kernel.sched_rt_period_us = 1000000
<br>kernel.sched_rt_runtime_us = 950000
<br>kernel.sched_schedstats = 0
<br>kernel.sched_shares_window_ns = 10000000
<br>kernel.sched_time_avg_ms = 1000
<br>kernel.sched_tunable_scaling = 1
<br>kernel.sched_wakeup_granularity_ns = 15000000
<br>kernel.seccomp.actions_avail = kill trap errno trace allow
<br>kernel.seccomp.actions_logged = kill trap errno trace
<br>kernel.sem = 250	32000	32	128
<br>kernel.sem_next_id = -1
<br>kernel.shm_next_id = -1
<br>kernel.shm_rmid_forced = 0
<br>kernel.shmall = 18446744073692774399
<br>kernel.shmmax = 18446744073692774399
<br>kernel.shmmni = 4096
<br>kernel.softlockup_all_cpu_backtrace = 0
<br>kernel.softlockup_panic = 0
<br>kernel.stack_tracer_enabled = 0
<br>kernel.sysctl_writes_strict = 1
<br>kernel.sysrq = 16
<br>kernel.tainted = 0
<br>kernel.threads-max = 126898
<br>kernel.timer_migration = 1
<br>kernel.traceoff_on_warning = 0
<br>kernel.unknown_nmi_panic = 0
<br>kernel.version = #1 SMP Thu Nov 8 23:39:32 UTC 2018
<br>kernel.watchdog = 1
<br>kernel.watchdog_cpumask = 0-7
<br>kernel.watchdog_thresh = 10
<br>kernel.yama.ptrace_scope = 0
<br>net.core.bpf_jit_enable = 1
<br>net.core.busy_poll = 0
<br>net.core.busy_read = 0
<br>net.core.default_qdisc = pfifo_fast
<br>net.core.dev_weight = 64
<br>net.core.dev_weight_rx_bias = 1
<br>net.core.dev_weight_tx_bias = 1
<br>net.core.message_burst = 10
<br>net.core.message_cost = 5
<br>net.core.netdev_budget = 300
<br>net.core.netdev_max_backlog = 1000
<br>net.core.netdev_rss_key = 00:00:00:00:00:00:00:00:00:00:00:00:00:00:00:00:00:00:00:00:00:00:00:00:00:00:00:00:00:00:00:00:00:00:00:00:00:00:00:00:00:00:00:00:00:00:00:00:00:00:00:00
<br>net.core.netdev_tstamp_prequeue = 1
<br>net.core.optmem_max = 20480
<br>net.core.rmem_default = 212992
<br>net.core.rmem_max = 212992
<br>net.core.rps_sock_flow_entries = 0
<br>net.core.somaxconn = 128
<br>net.core.warnings = 1
<br>net.core.wmem_default = 212992
<br>net.core.wmem_max = 212992
<br>net.core.xfrm_acq_expires = 30
<br>net.core.xfrm_aevent_etime = 10
<br>net.core.xfrm_aevent_rseqth = 2
<br>net.core.xfrm_larval_drop = 1
<br>net.ipv4.cipso_cache_bucket_size = 10
<br>net.ipv4.cipso_cache_enable = 1
<br>net.ipv4.cipso_rbm_optfmt = 0
<br>net.ipv4.cipso_rbm_strictvalid = 1
<br>net.ipv4.conf.all.accept_local = 0
<br>net.ipv4.conf.all.accept_redirects = 1
<br>net.ipv4.conf.all.accept_source_route = 0
<br>net.ipv4.conf.all.arp_accept = 0
<br>net.ipv4.conf.all.arp_announce = 0
<br>net.ipv4.conf.all.arp_filter = 0
<br>net.ipv4.conf.all.arp_ignore = 0
<br>net.ipv4.conf.all.arp_notify = 0
<br>net.ipv4.conf.all.bootp_relay = 0
<br>net.ipv4.conf.all.disable_policy = 0
<br>net.ipv4.conf.all.disable_xfrm = 0
<br>net.ipv4.conf.all.force_igmp_version = 0
<br>net.ipv4.conf.all.forwarding = 0
<br>net.ipv4.conf.all.log_martians = 0
<br>net.ipv4.conf.all.mc_forwarding = 0
<br>net.ipv4.conf.all.medium_id = 0
<br>net.ipv4.conf.all.promote_secondaries = 1
<br>net.ipv4.conf.all.proxy_arp = 0
<br>net.ipv4.conf.all.proxy_arp_pvlan = 0
<br>net.ipv4.conf.all.route_localnet = 0
<br>net.ipv4.conf.all.rp_filter = 1
<br>net.ipv4.conf.all.secure_redirects = 1
<br>net.ipv4.conf.all.send_redirects = 1
<br>net.ipv4.conf.all.shared_media = 1
<br>net.ipv4.conf.all.src_valid_mark = 0
<br>net.ipv4.conf.all.tag = 0
<br>net.ipv4.conf.default.accept_local = 0
<br>net.ipv4.conf.default.accept_redirects = 1
<br>net.ipv4.conf.default.accept_source_route = 0
<br>net.ipv4.conf.default.arp_accept = 0
<br>net.ipv4.conf.default.arp_announce = 0
<br>net.ipv4.conf.default.arp_filter = 0
<br>net.ipv4.conf.default.arp_ignore = 0
<br>net.ipv4.conf.default.arp_notify = 0
<br>net.ipv4.conf.default.bootp_relay = 0
<br>net.ipv4.conf.default.disable_policy = 0
<br>net.ipv4.conf.default.disable_xfrm = 0
<br>net.ipv4.conf.default.force_igmp_version = 0
<br>net.ipv4.conf.default.forwarding = 0
<br>net.ipv4.conf.default.log_martians = 0
<br>net.ipv4.conf.default.mc_forwarding = 0
<br>net.ipv4.conf.default.medium_id = 0
<br>net.ipv4.conf.default.promote_secondaries = 1
<br>net.ipv4.conf.default.proxy_arp = 0
<br>net.ipv4.conf.default.proxy_arp_pvlan = 0
<br>net.ipv4.conf.default.route_localnet = 0
<br>net.ipv4.conf.default.rp_filter = 1
<br>net.ipv4.conf.default.secure_redirects = 1
<br>net.ipv4.conf.default.send_redirects = 1
<br>net.ipv4.conf.default.shared_media = 1
<br>net.ipv4.conf.default.src_valid_mark = 0
<br>net.ipv4.conf.default.tag = 0
<br>net.ipv4.conf.ens192.accept_local = 0
<br>net.ipv4.conf.ens192.accept_redirects = 1
<br>net.ipv4.conf.ens192.accept_source_route = 0
<br>net.ipv4.conf.ens192.arp_accept = 0
<br>net.ipv4.conf.ens192.arp_announce = 0
<br>net.ipv4.conf.ens192.arp_filter = 0
<br>net.ipv4.conf.ens192.arp_ignore = 0
<br>net.ipv4.conf.ens192.arp_notify = 0
<br>net.ipv4.conf.ens192.bootp_relay = 0
<br>net.ipv4.conf.ens192.disable_policy = 0
<br>net.ipv4.conf.ens192.disable_xfrm = 0
<br>net.ipv4.conf.ens192.force_igmp_version = 0
<br>net.ipv4.conf.ens192.forwarding = 0
<br>net.ipv4.conf.ens192.log_martians = 0
<br>net.ipv4.conf.ens192.mc_forwarding = 0
<br>net.ipv4.conf.ens192.medium_id = 0
<br>net.ipv4.conf.ens192.promote_secondaries = 1
<br>net.ipv4.conf.ens192.proxy_arp = 0
<br>net.ipv4.conf.ens192.proxy_arp_pvlan = 0
<br>net.ipv4.conf.ens192.route_localnet = 0
<br>net.ipv4.conf.ens192.rp_filter = 1
<br>net.ipv4.conf.ens192.secure_redirects = 1
<br>net.ipv4.conf.ens192.send_redirects = 1
<br>net.ipv4.conf.ens192.shared_media = 1
<br>net.ipv4.conf.ens192.src_valid_mark = 0
<br>net.ipv4.conf.ens192.tag = 0
<br>net.ipv4.conf.lo.accept_local = 0
<br>net.ipv4.conf.lo.accept_redirects = 1
<br>net.ipv4.conf.lo.accept_source_route = 1
<br>net.ipv4.conf.lo.arp_accept = 0
<br>net.ipv4.conf.lo.arp_announce = 0
<br>net.ipv4.conf.lo.arp_filter = 0
<br>net.ipv4.conf.lo.arp_ignore = 0
<br>net.ipv4.conf.lo.arp_notify = 0
<br>net.ipv4.conf.lo.bootp_relay = 0
<br>net.ipv4.conf.lo.disable_policy = 1
<br>net.ipv4.conf.lo.disable_xfrm = 1
<br>net.ipv4.conf.lo.force_igmp_version = 0
<br>net.ipv4.conf.lo.forwarding = 0
<br>net.ipv4.conf.lo.log_martians = 0
<br>net.ipv4.conf.lo.mc_forwarding = 0
<br>net.ipv4.conf.lo.medium_id = 0
<br>net.ipv4.conf.lo.promote_secondaries = 0
<br>net.ipv4.conf.lo.proxy_arp = 0
<br>net.ipv4.conf.lo.proxy_arp_pvlan = 0
<br>net.ipv4.conf.lo.route_localnet = 0
<br>net.ipv4.conf.lo.rp_filter = 0
<br>net.ipv4.conf.lo.secure_redirects = 1
<br>net.ipv4.conf.lo.send_redirects = 1
<br>net.ipv4.conf.lo.shared_media = 1
<br>net.ipv4.conf.lo.src_valid_mark = 0
<br>net.ipv4.conf.lo.tag = 0
<br>net.ipv4.fib_multipath_hash_policy = 0
<br>net.ipv4.fwmark_reflect = 0
<br>net.ipv4.icmp_echo_ignore_all = 0
<br>net.ipv4.icmp_echo_ignore_broadcasts = 1
<br>net.ipv4.icmp_errors_use_inbound_ifaddr = 0
<br>net.ipv4.icmp_ignore_bogus_error_responses = 1
<br>net.ipv4.icmp_msgs_burst = 50
<br>net.ipv4.icmp_msgs_per_sec = 1000
<br>net.ipv4.icmp_ratelimit = 1000
<br>net.ipv4.icmp_ratemask = 6168
<br>net.ipv4.igmp_max_memberships = 20
<br>net.ipv4.igmp_max_msf = 10
<br>net.ipv4.igmp_qrv = 2
<br>net.ipv4.inet_peer_maxttl = 600
<br>net.ipv4.inet_peer_minttl = 120
<br>net.ipv4.inet_peer_threshold = 65664
<br>net.ipv4.ip_default_ttl = 64
<br>net.ipv4.ip_dynaddr = 0
<br>net.ipv4.ip_early_demux = 1
<br>net.ipv4.ip_forward = 0
<br>net.ipv4.ip_forward_use_pmtu = 0
<br>net.ipv4.ip_local_port_range = 32768	60999
<br>net.ipv4.ip_local_reserved_ports = 
<br>net.ipv4.ip_no_pmtu_disc = 0
<br>net.ipv4.ip_nonlocal_bind = 0
<br>net.ipv4.ipfrag_high_thresh = 4194304
<br>net.ipv4.ipfrag_low_thresh = 3145728
<br>net.ipv4.ipfrag_max_dist = 64
<br>net.ipv4.ipfrag_secret_interval = 600
<br>net.ipv4.ipfrag_time = 30
<br>net.ipv4.neigh.default.anycast_delay = 100
<br>net.ipv4.neigh.default.app_solicit = 0
<br>net.ipv4.neigh.default.base_reachable_time_ms = 30000
<br>net.ipv4.neigh.default.delay_first_probe_time = 5
<br>net.ipv4.neigh.default.gc_interval = 30
<br>net.ipv4.neigh.default.gc_stale_time = 60
<br>net.ipv4.neigh.default.gc_thresh1 = 128
<br>net.ipv4.neigh.default.gc_thresh2 = 512
<br>net.ipv4.neigh.default.gc_thresh3 = 1024
<br>net.ipv4.neigh.default.locktime = 100
<br>net.ipv4.neigh.default.mcast_solicit = 3
<br>net.ipv4.neigh.default.proxy_delay = 80
<br>net.ipv4.neigh.default.proxy_qlen = 64
<br>net.ipv4.neigh.default.retrans_time_ms = 1000
<br>net.ipv4.neigh.default.ucast_solicit = 3
<br>net.ipv4.neigh.default.unres_qlen = 31
<br>net.ipv4.neigh.default.unres_qlen_bytes = 65536
<br>net.ipv4.neigh.ens192.anycast_delay = 100
<br>net.ipv4.neigh.ens192.app_solicit = 0
<br>net.ipv4.neigh.ens192.base_reachable_time_ms = 30000
<br>net.ipv4.neigh.ens192.delay_first_probe_time = 5
<br>net.ipv4.neigh.ens192.gc_stale_time = 60
<br>net.ipv4.neigh.ens192.locktime = 100
<br>net.ipv4.neigh.ens192.mcast_solicit = 3
<br>net.ipv4.neigh.ens192.proxy_delay = 80
<br>net.ipv4.neigh.ens192.proxy_qlen = 64
<br>net.ipv4.neigh.ens192.retrans_time_ms = 1000
<br>net.ipv4.neigh.ens192.ucast_solicit = 3
<br>net.ipv4.neigh.ens192.unres_qlen = 31
<br>net.ipv4.neigh.ens192.unres_qlen_bytes = 65536
<br>net.ipv4.neigh.lo.anycast_delay = 100
<br>net.ipv4.neigh.lo.app_solicit = 0
<br>net.ipv4.neigh.lo.base_reachable_time_ms = 30000
<br>net.ipv4.neigh.lo.delay_first_probe_time = 5
<br>net.ipv4.neigh.lo.gc_stale_time = 60
<br>net.ipv4.neigh.lo.locktime = 100
<br>net.ipv4.neigh.lo.mcast_solicit = 3
<br>net.ipv4.neigh.lo.proxy_delay = 80
<br>net.ipv4.neigh.lo.proxy_qlen = 64
<br>net.ipv4.neigh.lo.retrans_time_ms = 1000
<br>net.ipv4.neigh.lo.ucast_solicit = 3
<br>net.ipv4.neigh.lo.unres_qlen = 31
<br>net.ipv4.neigh.lo.unres_qlen_bytes = 65536
<br>net.ipv4.ping_group_range = 1	0
<br>net.ipv4.route.error_burst = 5000
<br>net.ipv4.route.error_cost = 1000
<br>net.ipv4.route.gc_elasticity = 8
<br>net.ipv4.route.gc_interval = 60
<br>net.ipv4.route.gc_min_interval = 0
<br>net.ipv4.route.gc_min_interval_ms = 500
<br>net.ipv4.route.gc_thresh = -1
<br>net.ipv4.route.gc_timeout = 300
<br>net.ipv4.route.max_size = 2147483647
<br>net.ipv4.route.min_adv_mss = 256
<br>net.ipv4.route.min_pmtu = 552
<br>net.ipv4.route.mtu_expires = 600
<br>net.ipv4.route.redirect_load = 20
<br>net.ipv4.route.redirect_number = 9
<br>net.ipv4.route.redirect_silence = 20480
<br>net.ipv4.tcp_abort_on_overflow = 0
<br>net.ipv4.tcp_adv_win_scale = 1
<br>net.ipv4.tcp_allowed_congestion_control = cubic reno
<br>net.ipv4.tcp_app_win = 31
<br>net.ipv4.tcp_autocorking = 1
<br>net.ipv4.tcp_available_congestion_control = cubic reno
<br>net.ipv4.tcp_base_mss = 512
<br>net.ipv4.tcp_challenge_ack_limit = 1000
<br>net.ipv4.tcp_congestion_control = cubic
<br>net.ipv4.tcp_dsack = 1
<br>net.ipv4.tcp_early_retrans = 3
<br>net.ipv4.tcp_ecn = 2
<br>net.ipv4.tcp_fack = 1
<br>net.ipv4.tcp_fastopen = 0
<br>net.ipv4.tcp_fin_timeout = 60
<br>net.ipv4.tcp_frto = 2
<br>net.ipv4.tcp_invalid_ratelimit = 500
<br>net.ipv4.tcp_keepalive_intvl = 75
<br>net.ipv4.tcp_keepalive_probes = 9
<br>net.ipv4.tcp_keepalive_time = 7200
<br>net.ipv4.tcp_limit_output_bytes = 262144
<br>net.ipv4.tcp_low_latency = 0
<br>net.ipv4.tcp_max_orphans = 65536
<br>net.ipv4.tcp_max_ssthresh = 0
<br>net.ipv4.tcp_max_syn_backlog = 512
<br>net.ipv4.tcp_max_tw_buckets = 65536
<br>net.ipv4.tcp_mem = 378813	505087	757626
<br>net.ipv4.tcp_min_tso_segs = 2
<br>net.ipv4.tcp_moderate_rcvbuf = 1
<br>net.ipv4.tcp_mtu_probing = 0
<br>net.ipv4.tcp_no_metrics_save = 0
<br>net.ipv4.tcp_notsent_lowat = -1
<br>net.ipv4.tcp_orphan_retries = 0
<br>net.ipv4.tcp_reordering = 3
<br>net.ipv4.tcp_retrans_collapse = 1
<br>net.ipv4.tcp_retries1 = 3
<br>net.ipv4.tcp_retries2 = 15
<br>net.ipv4.tcp_rfc1337 = 0
<br>net.ipv4.tcp_rmem = 4096	87380	6291456
<br>net.ipv4.tcp_sack = 1
<br>net.ipv4.tcp_slow_start_after_idle = 1
<br>net.ipv4.tcp_stdurg = 0
<br>net.ipv4.tcp_syn_retries = 6
<br>net.ipv4.tcp_synack_retries = 5
<br>net.ipv4.tcp_syncookies = 1
<br>net.ipv4.tcp_thin_dupack = 0
<br>net.ipv4.tcp_thin_linear_timeouts = 0
<br>net.ipv4.tcp_timestamps = 1
<br>net.ipv4.tcp_tso_win_divisor = 3
<br>net.ipv4.tcp_tw_recycle = 0
<br>net.ipv4.tcp_tw_reuse = 0
<br>net.ipv4.tcp_window_scaling = 1
<br>net.ipv4.tcp_wmem = 4096	16384	4194304
<br>net.ipv4.tcp_workaround_signed_windows = 0
<br>net.ipv4.udp_mem = 380694	507593	761388
<br>net.ipv4.udp_rmem_min = 4096
<br>net.ipv4.udp_wmem_min = 4096
<br>net.ipv4.vs.am_droprate = 10
<br>net.ipv4.vs.amemthresh = 1024
<br>net.ipv4.vs.backup_only = 0
<br>net.ipv4.vs.cache_bypass = 0
<br>net.ipv4.vs.conn_reuse_mode = 1
<br>net.ipv4.vs.conntrack = 0
<br>net.ipv4.vs.drop_entry = 0
<br>net.ipv4.vs.drop_packet = 0
<br>net.ipv4.vs.expire_nodest_conn = 0
<br>net.ipv4.vs.expire_quiescent_template = 0
<br>net.ipv4.vs.nat_icmp_send = 0
<br>net.ipv4.vs.pmtu_disc = 1
<br>net.ipv4.vs.secure_tcp = 0
<br>net.ipv4.vs.snat_reroute = 1
<br>net.ipv4.vs.sync_ports = 1
<br>net.ipv4.vs.sync_qlen_max = 126295
<br>net.ipv4.vs.sync_refresh_period = 0
<br>net.ipv4.vs.sync_retries = 0
<br>net.ipv4.vs.sync_sock_size = 0
<br>net.ipv4.vs.sync_threshold = 3	50
<br>net.ipv4.vs.sync_version = 1
<br>net.ipv4.xfrm4_gc_thresh = 32768
<br>net.ipv6.anycast_src_echo_reply = 0
<br>net.ipv6.bindv6only = 0
<br>net.ipv6.conf.all.accept_dad = 0
<br>net.ipv6.conf.all.accept_ra = 1
<br>net.ipv6.conf.all.accept_ra_defrtr = 1
<br>net.ipv6.conf.all.accept_ra_pinfo = 1
<br>net.ipv6.conf.all.accept_ra_rt_info_max_plen = 0
<br>net.ipv6.conf.all.accept_ra_rtr_pref = 1
<br>net.ipv6.conf.all.accept_redirects = 1
<br>net.ipv6.conf.all.accept_source_route = 0
<br>net.ipv6.conf.all.autoconf = 1
<br>net.ipv6.conf.all.dad_transmits = 1
<br>net.ipv6.conf.all.disable_ipv6 = 0
<br>net.ipv6.conf.all.enhanced_dad = 1
<br>net.ipv6.conf.all.force_mld_version = 0
<br>net.ipv6.conf.all.force_tllao = 0
<br>net.ipv6.conf.all.forwarding = 0
<br>net.ipv6.conf.all.hop_limit = 64
<br>net.ipv6.conf.all.keep_addr_on_down = 0
<br>net.ipv6.conf.all.max_addresses = 16
<br>net.ipv6.conf.all.max_desync_factor = 600
<br>net.ipv6.conf.all.mc_forwarding = 0
<br>net.ipv6.conf.all.mldv1_unsolicited_report_interval = 10000
<br>net.ipv6.conf.all.mldv2_unsolicited_report_interval = 1000
<br>net.ipv6.conf.all.mtu = 1280
<br>net.ipv6.conf.all.ndisc_notify = 0
<br>net.ipv6.conf.all.optimistic_dad = 0
<br>net.ipv6.conf.all.proxy_ndp = 0
<br>net.ipv6.conf.all.regen_max_retry = 3
<br>net.ipv6.conf.all.router_probe_interval = 60
<br>net.ipv6.conf.all.router_solicitation_delay = 1
<br>net.ipv6.conf.all.router_solicitation_interval = 4
<br>net.ipv6.conf.all.router_solicitations = 3
<br>net.ipv6.conf.all.temp_prefered_lft = 86400
<br>net.ipv6.conf.all.temp_valid_lft = 604800
<br>net.ipv6.conf.all.use_optimistic = 0
<br>net.ipv6.conf.all.use_tempaddr = 0
<br>net.ipv6.conf.default.accept_dad = 1
<br>net.ipv6.conf.default.accept_ra = 1
<br>net.ipv6.conf.default.accept_ra_defrtr = 1
<br>net.ipv6.conf.default.accept_ra_pinfo = 1
<br>net.ipv6.conf.default.accept_ra_rt_info_max_plen = 0
<br>net.ipv6.conf.default.accept_ra_rtr_pref = 1
<br>net.ipv6.conf.default.accept_redirects = 1
<br>net.ipv6.conf.default.accept_source_route = 0
<br>net.ipv6.conf.default.autoconf = 1
<br>net.ipv6.conf.default.dad_transmits = 1
<br>net.ipv6.conf.default.disable_ipv6 = 0
<br>net.ipv6.conf.default.enhanced_dad = 1
<br>net.ipv6.conf.default.force_mld_version = 0
<br>net.ipv6.conf.default.force_tllao = 0
<br>net.ipv6.conf.default.forwarding = 0
<br>net.ipv6.conf.default.hop_limit = 64
<br>net.ipv6.conf.default.keep_addr_on_down = 0
<br>net.ipv6.conf.default.max_addresses = 16
<br>net.ipv6.conf.default.max_desync_factor = 600
<br>net.ipv6.conf.default.mc_forwarding = 0
<br>net.ipv6.conf.default.mldv1_unsolicited_report_interval = 10000
<br>net.ipv6.conf.default.mldv2_unsolicited_report_interval = 1000
<br>net.ipv6.conf.default.mtu = 1280
<br>net.ipv6.conf.default.ndisc_notify = 0
<br>net.ipv6.conf.default.optimistic_dad = 0
<br>net.ipv6.conf.default.proxy_ndp = 0
<br>net.ipv6.conf.default.regen_max_retry = 3
<br>net.ipv6.conf.default.router_probe_interval = 60
<br>net.ipv6.conf.default.router_solicitation_delay = 1
<br>net.ipv6.conf.default.router_solicitation_interval = 4
<br>net.ipv6.conf.default.router_solicitations = 3
<br>net.ipv6.conf.default.temp_prefered_lft = 86400
<br>net.ipv6.conf.default.temp_valid_lft = 604800
<br>net.ipv6.conf.default.use_optimistic = 0
<br>net.ipv6.conf.default.use_tempaddr = 0
<br>net.ipv6.conf.ens192.accept_dad = 1
<br>net.ipv6.conf.ens192.accept_ra = 1
<br>net.ipv6.conf.ens192.accept_ra_defrtr = 0
<br>net.ipv6.conf.ens192.accept_ra_pinfo = 0
<br>net.ipv6.conf.ens192.accept_ra_rt_info_max_plen = 0
<br>net.ipv6.conf.ens192.accept_ra_rtr_pref = 0
<br>net.ipv6.conf.ens192.accept_redirects = 1
<br>net.ipv6.conf.ens192.accept_source_route = 0
<br>net.ipv6.conf.ens192.autoconf = 1
<br>net.ipv6.conf.ens192.dad_transmits = 1
<br>net.ipv6.conf.ens192.disable_ipv6 = 0
<br>net.ipv6.conf.ens192.enhanced_dad = 1
<br>net.ipv6.conf.ens192.force_mld_version = 0
<br>net.ipv6.conf.ens192.force_tllao = 0
<br>net.ipv6.conf.ens192.forwarding = 0
<br>net.ipv6.conf.ens192.hop_limit = 64
<br>net.ipv6.conf.ens192.keep_addr_on_down = 0
<br>net.ipv6.conf.ens192.max_addresses = 16
<br>net.ipv6.conf.ens192.max_desync_factor = 600
<br>net.ipv6.conf.ens192.mc_forwarding = 0
<br>net.ipv6.conf.ens192.mldv1_unsolicited_report_interval = 10000
<br>net.ipv6.conf.ens192.mldv2_unsolicited_report_interval = 1000
<br>net.ipv6.conf.ens192.mtu = 1500
<br>net.ipv6.conf.ens192.ndisc_notify = 0
<br>net.ipv6.conf.ens192.optimistic_dad = 0
<br>net.ipv6.conf.ens192.proxy_ndp = 0
<br>net.ipv6.conf.ens192.regen_max_retry = 3
<br>net.ipv6.conf.ens192.router_probe_interval = 60
<br>net.ipv6.conf.ens192.router_solicitation_delay = 1
<br>net.ipv6.conf.ens192.router_solicitation_interval = 4
<br>net.ipv6.conf.ens192.router_solicitations = 3
<br>net.ipv6.conf.ens192.temp_prefered_lft = 86400
<br>net.ipv6.conf.ens192.temp_valid_lft = 604800
<br>net.ipv6.conf.ens192.use_optimistic = 0
<br>net.ipv6.conf.ens192.use_tempaddr = 0
<br>net.ipv6.conf.lo.accept_dad = -1
<br>net.ipv6.conf.lo.accept_ra = 1
<br>net.ipv6.conf.lo.accept_ra_defrtr = 1
<br>net.ipv6.conf.lo.accept_ra_pinfo = 1
<br>net.ipv6.conf.lo.accept_ra_rt_info_max_plen = 0
<br>net.ipv6.conf.lo.accept_ra_rtr_pref = 1
<br>net.ipv6.conf.lo.accept_redirects = 1
<br>net.ipv6.conf.lo.accept_source_route = 0
<br>net.ipv6.conf.lo.autoconf = 1
<br>net.ipv6.conf.lo.dad_transmits = 1
<br>net.ipv6.conf.lo.disable_ipv6 = 0
<br>net.ipv6.conf.lo.enhanced_dad = 1
<br>net.ipv6.conf.lo.force_mld_version = 0
<br>net.ipv6.conf.lo.force_tllao = 0
<br>net.ipv6.conf.lo.forwarding = 0
<br>net.ipv6.conf.lo.hop_limit = 64
<br>net.ipv6.conf.lo.keep_addr_on_down = 0
<br>net.ipv6.conf.lo.max_addresses = 16
<br>net.ipv6.conf.lo.max_desync_factor = 600
<br>net.ipv6.conf.lo.mc_forwarding = 0
<br>net.ipv6.conf.lo.mldv1_unsolicited_report_interval = 10000
<br>net.ipv6.conf.lo.mldv2_unsolicited_report_interval = 1000
<br>net.ipv6.conf.lo.mtu = 65536
<br>net.ipv6.conf.lo.ndisc_notify = 0
<br>net.ipv6.conf.lo.optimistic_dad = 0
<br>net.ipv6.conf.lo.proxy_ndp = 0
<br>net.ipv6.conf.lo.regen_max_retry = 3
<br>net.ipv6.conf.lo.router_probe_interval = 60
<br>net.ipv6.conf.lo.router_solicitation_delay = 1
<br>net.ipv6.conf.lo.router_solicitation_interval = 4
<br>net.ipv6.conf.lo.router_solicitations = 3
<br>net.ipv6.conf.lo.temp_prefered_lft = 86400
<br>net.ipv6.conf.lo.temp_valid_lft = 604800
<br>net.ipv6.conf.lo.use_optimistic = 0
<br>net.ipv6.conf.lo.use_tempaddr = -1
<br>net.ipv6.fwmark_reflect = 0
<br>net.ipv6.icmp.ratelimit = 1000
<br>net.ipv6.idgen_delay = 1
<br>net.ipv6.idgen_retries = 3
<br>net.ipv6.ip6frag_high_thresh = 4194304
<br>net.ipv6.ip6frag_low_thresh = 3145728
<br>net.ipv6.ip6frag_secret_interval = 600
<br>net.ipv6.ip6frag_time = 60
<br>net.ipv6.ip_nonlocal_bind = 0
<br>net.ipv6.mld_max_msf = 64
<br>net.ipv6.mld_qrv = 2
<br>net.ipv6.neigh.default.anycast_delay = 100
<br>net.ipv6.neigh.default.app_solicit = 0
<br>net.ipv6.neigh.default.base_reachable_time_ms = 30000
<br>net.ipv6.neigh.default.delay_first_probe_time = 5
<br>net.ipv6.neigh.default.gc_interval = 30
<br>net.ipv6.neigh.default.gc_stale_time = 60
<br>net.ipv6.neigh.default.gc_thresh1 = 128
<br>net.ipv6.neigh.default.gc_thresh2 = 512
<br>net.ipv6.neigh.default.gc_thresh3 = 1024
<br>net.ipv6.neigh.default.locktime = 0
<br>net.ipv6.neigh.default.mcast_solicit = 3
<br>net.ipv6.neigh.default.proxy_delay = 80
<br>net.ipv6.neigh.default.proxy_qlen = 64
<br>net.ipv6.neigh.default.retrans_time_ms = 1000
<br>net.ipv6.neigh.default.ucast_solicit = 3
<br>net.ipv6.neigh.default.unres_qlen = 31
<br>net.ipv6.neigh.default.unres_qlen_bytes = 65536
<br>net.ipv6.neigh.ens192.anycast_delay = 100
<br>net.ipv6.neigh.ens192.app_solicit = 0
<br>net.ipv6.neigh.ens192.base_reachable_time_ms = 30000
<br>net.ipv6.neigh.ens192.delay_first_probe_time = 5
<br>net.ipv6.neigh.ens192.gc_stale_time = 60
<br>net.ipv6.neigh.ens192.locktime = 0
<br>net.ipv6.neigh.ens192.mcast_solicit = 3
<br>net.ipv6.neigh.ens192.proxy_delay = 80
<br>net.ipv6.neigh.ens192.proxy_qlen = 64
<br>net.ipv6.neigh.ens192.retrans_time_ms = 1000
<br>net.ipv6.neigh.ens192.ucast_solicit = 3
<br>net.ipv6.neigh.ens192.unres_qlen = 31
<br>net.ipv6.neigh.ens192.unres_qlen_bytes = 65536
<br>net.ipv6.neigh.lo.anycast_delay = 100
<br>net.ipv6.neigh.lo.app_solicit = 0
<br>net.ipv6.neigh.lo.base_reachable_time_ms = 30000
<br>net.ipv6.neigh.lo.delay_first_probe_time = 5
<br>net.ipv6.neigh.lo.gc_stale_time = 60
<br>net.ipv6.neigh.lo.locktime = 0
<br>net.ipv6.neigh.lo.mcast_solicit = 3
<br>net.ipv6.neigh.lo.proxy_delay = 80
<br>net.ipv6.neigh.lo.proxy_qlen = 64
<br>net.ipv6.neigh.lo.retrans_time_ms = 1000
<br>net.ipv6.neigh.lo.ucast_solicit = 3
<br>net.ipv6.neigh.lo.unres_qlen = 31
<br>net.ipv6.neigh.lo.unres_qlen_bytes = 65536
<br>net.ipv6.route.gc_elasticity = 9
<br>net.ipv6.route.gc_interval = 30
<br>net.ipv6.route.gc_min_interval = 0
<br>net.ipv6.route.gc_min_interval_ms = 500
<br>net.ipv6.route.gc_thresh = 1024
<br>net.ipv6.route.gc_timeout = 60
<br>net.ipv6.route.max_size = 16384
<br>net.ipv6.route.min_adv_mss = 1220
<br>net.ipv6.route.mtu_expires = 600
<br>net.ipv6.xfrm6_gc_thresh = 32768
<br>net.netfilter.nf_conntrack_acct = 0
<br>net.netfilter.nf_conntrack_buckets = 65536
<br>net.netfilter.nf_conntrack_checksum = 1
<br>net.netfilter.nf_conntrack_count = 92
<br>net.netfilter.nf_conntrack_dccp_loose = 1
<br>net.netfilter.nf_conntrack_dccp_timeout_closereq = 64
<br>net.netfilter.nf_conntrack_dccp_timeout_closing = 64
<br>net.netfilter.nf_conntrack_dccp_timeout_open = 43200
<br>net.netfilter.nf_conntrack_dccp_timeout_partopen = 480
<br>net.netfilter.nf_conntrack_dccp_timeout_request = 240
<br>net.netfilter.nf_conntrack_dccp_timeout_respond = 480
<br>net.netfilter.nf_conntrack_dccp_timeout_timewait = 240
<br>net.netfilter.nf_conntrack_events = 1
<br>net.netfilter.nf_conntrack_events_retry_timeout = 15
<br>net.netfilter.nf_conntrack_expect_max = 1024
<br>net.netfilter.nf_conntrack_generic_timeout = 600
<br>net.netfilter.nf_conntrack_helper = 1
<br>net.netfilter.nf_conntrack_icmp_timeout = 30
<br>net.netfilter.nf_conntrack_log_invalid = 0
<br>net.netfilter.nf_conntrack_max = 262144
<br>net.netfilter.nf_conntrack_sctp_timeout_closed = 10
<br>net.netfilter.nf_conntrack_sctp_timeout_cookie_echoed = 3
<br>net.netfilter.nf_conntrack_sctp_timeout_cookie_wait = 3
<br>net.netfilter.nf_conntrack_sctp_timeout_established = 432000
<br>net.netfilter.nf_conntrack_sctp_timeout_heartbeat_acked = 210
<br>net.netfilter.nf_conntrack_sctp_timeout_heartbeat_sent = 30
<br>net.netfilter.nf_conntrack_sctp_timeout_shutdown_ack_sent = 3
<br>net.netfilter.nf_conntrack_sctp_timeout_shutdown_recd = 0
<br>net.netfilter.nf_conntrack_sctp_timeout_shutdown_sent = 0
<br>net.netfilter.nf_conntrack_tcp_be_liberal = 0
<br>net.netfilter.nf_conntrack_tcp_loose = 1
<br>net.netfilter.nf_conntrack_tcp_max_retrans = 3
<br>net.netfilter.nf_conntrack_tcp_timeout_close = 10
<br>net.netfilter.nf_conntrack_tcp_timeout_close_wait = 60
<br>net.netfilter.nf_conntrack_tcp_timeout_established = 432000
<br>net.netfilter.nf_conntrack_tcp_timeout_fin_wait = 120
<br>net.netfilter.nf_conntrack_tcp_timeout_last_ack = 30
<br>net.netfilter.nf_conntrack_tcp_timeout_max_retrans = 300
<br>net.netfilter.nf_conntrack_tcp_timeout_syn_recv = 60
<br>net.netfilter.nf_conntrack_tcp_timeout_syn_sent = 120
<br>net.netfilter.nf_conntrack_tcp_timeout_time_wait = 120
<br>net.netfilter.nf_conntrack_tcp_timeout_unacknowledged = 300
<br>net.netfilter.nf_conntrack_timestamp = 0
<br>net.netfilter.nf_conntrack_udp_timeout = 30
<br>net.netfilter.nf_conntrack_udp_timeout_stream = 180
<br>net.netfilter.nf_log.0 = NONE
<br>net.netfilter.nf_log.1 = NONE
<br>net.netfilter.nf_log.10 = NONE
<br>net.netfilter.nf_log.11 = NONE
<br>net.netfilter.nf_log.12 = NONE
<br>net.netfilter.nf_log.2 = NONE
<br>net.netfilter.nf_log.3 = NONE
<br>net.netfilter.nf_log.4 = NONE
<br>net.netfilter.nf_log.5 = NONE
<br>net.netfilter.nf_log.6 = NONE
<br>net.netfilter.nf_log.7 = NONE
<br>net.netfilter.nf_log.8 = NONE
<br>net.netfilter.nf_log.9 = NONE
<br>net.netfilter.nf_log_all_netns = 0
<br>net.nf_conntrack_max = 262144
<br>net.unix.max_dgram_qlen = 512
<br>sunrpc.max_resvport = 1023
<br>sunrpc.min_resvport = 665
<br>sunrpc.nfs_debug = 0x0000
<br>sunrpc.nfsd_debug = 0x0000
<br>sunrpc.nlm_debug = 0x0000
<br>sunrpc.rpc_debug = 0x0000
<br>sunrpc.tcp_fin_timeout = 15
<br>sunrpc.tcp_max_slot_table_entries = 65536
<br>sunrpc.tcp_slot_table_entries = 2
<br>sunrpc.transports = tcp 1048576
<br>sunrpc.transports = udp 32768
<br>sunrpc.transports = tcp-bc 1048576
<br>sunrpc.udp_slot_table_entries = 16
<br>user.max_ipc_namespaces = 63449
<br>user.max_mnt_namespaces = 63449
<br>user.max_net_namespaces = 63449
<br>user.max_pid_namespaces = 63449
<br>user.max_user_namespaces = 0
<br>user.max_uts_namespaces = 63449
<br>vm.admin_reserve_kbytes = 8192
<br>vm.block_dump = 0
<br>vm.dirty_background_bytes = 0
<br>vm.dirty_background_ratio = 10
<br>vm.dirty_bytes = 0
<br>vm.dirty_expire_centisecs = 3000
<br>vm.dirty_ratio = 30
<br>vm.dirty_writeback_centisecs = 500
<br>vm.drop_caches = 0
<br>vm.extfrag_threshold = 500
<br>vm.hugepages_treat_as_movable = 0
<br>vm.hugetlb_shm_group = 0
<br>vm.laptop_mode = 0
<br>vm.legacy_va_layout = 0
<br>vm.lowmem_reserve_ratio = 256	256	32
<br>vm.max_map_count = 65530
<br>vm.memory_failure_early_kill = 0
<br>vm.memory_failure_recovery = 1
<br>vm.min_free_kbytes = 67584
<br>vm.min_slab_ratio = 5
<br>vm.min_unmapped_ratio = 1
<br>vm.mmap_min_addr = 4096
<br>vm.nr_hugepages = 0
<br>vm.nr_hugepages_mempolicy = 0
<br>vm.nr_overcommit_hugepages = 0
<br>vm.nr_pdflush_threads = 0
<br>vm.numa_zonelist_order = default
<br>vm.oom_dump_tasks = 1
<br>vm.oom_kill_allocating_task = 0
<br>vm.overcommit_kbytes = 0
<br>vm.overcommit_memory = 0
<br>vm.overcommit_ratio = 50
<br>vm.page-cluster = 3
<br>vm.panic_on_oom = 0
<br>vm.percpu_pagelist_fraction = 0
<br>vm.stat_interval = 1
<br>vm.swappiness = 30
<br>vm.user_reserve_kbytes = 131072
<br>vm.vfs_cache_pressure = 100
<br>vm.zone_reclaim_mode = 0
<br></td></table><br><table class="gridtable" id="mount"><td>----->>>---->>>  mount 动态配置信息: 
<br>sysfs on /sys type sysfs (rw,nosuid,nodev,noexec,relatime)
<br>proc on /proc type proc (rw,nosuid,nodev,noexec,relatime)
<br>devtmpfs on /dev type devtmpfs (rw,nosuid,size=8121492k,nr_inodes=2030373,mode=755)
<br>securityfs on /sys/kernel/security type securityfs (rw,nosuid,nodev,noexec,relatime)
<br>tmpfs on /dev/shm type tmpfs (rw,nosuid,nodev)
<br>devpts on /dev/pts type devpts (rw,nosuid,noexec,relatime,gid=5,mode=620,ptmxmode=000)
<br>tmpfs on /run type tmpfs (rw,nosuid,nodev,mode=755)
<br>tmpfs on /sys/fs/cgroup type tmpfs (ro,nosuid,nodev,noexec,mode=755)
<br>cgroup on /sys/fs/cgroup/systemd type cgroup (rw,nosuid,nodev,noexec,relatime,xattr,release_agent=/usr/lib/systemd/systemd-cgroups-agent,name=systemd)
<br>pstore on /sys/fs/pstore type pstore (rw,nosuid,nodev,noexec,relatime)
<br>cgroup on /sys/fs/cgroup/net_cls,net_prio type cgroup (rw,nosuid,nodev,noexec,relatime,net_prio,net_cls)
<br>cgroup on /sys/fs/cgroup/cpu,cpuacct type cgroup (rw,nosuid,nodev,noexec,relatime,cpuacct,cpu)
<br>cgroup on /sys/fs/cgroup/pids type cgroup (rw,nosuid,nodev,noexec,relatime,pids)
<br>cgroup on /sys/fs/cgroup/blkio type cgroup (rw,nosuid,nodev,noexec,relatime,blkio)
<br>cgroup on /sys/fs/cgroup/memory type cgroup (rw,nosuid,nodev,noexec,relatime,memory)
<br>cgroup on /sys/fs/cgroup/freezer type cgroup (rw,nosuid,nodev,noexec,relatime,freezer)
<br>cgroup on /sys/fs/cgroup/perf_event type cgroup (rw,nosuid,nodev,noexec,relatime,perf_event)
<br>cgroup on /sys/fs/cgroup/devices type cgroup (rw,nosuid,nodev,noexec,relatime,devices)
<br>cgroup on /sys/fs/cgroup/cpuset type cgroup (rw,nosuid,nodev,noexec,relatime,cpuset)
<br>cgroup on /sys/fs/cgroup/hugetlb type cgroup (rw,nosuid,nodev,noexec,relatime,hugetlb)
<br>configfs on /sys/kernel/config type configfs (rw,relatime)
<br>/dev/mapper/centos-root on / type xfs (rw,relatime,attr2,inode64,noquota)
<br>systemd-1 on /proc/sys/fs/binfmt_misc type autofs (rw,relatime,fd=25,pgrp=1,timeout=0,minproto=5,maxproto=5,direct,pipe_ino=19803)
<br>hugetlbfs on /dev/hugepages type hugetlbfs (rw,relatime)
<br>debugfs on /sys/kernel/debug type debugfs (rw,relatime)
<br>mqueue on /dev/mqueue type mqueue (rw,relatime)
<br>/dev/sda1 on /boot type xfs (rw,relatime,attr2,inode64,noquota)
<br>/dev/mapper/centos-tmp on /tmp type xfs (rw,relatime,attr2,inode64,noquota)
<br>/dev/mapper/centos-home on /home type xfs (rw,relatime,attr2,inode64,noquota)
<br>/dev/mapper/centos-var on /var type xfs (rw,relatime,attr2,inode64,noquota)
<br>/dev/mapper/datavg-data on /data type xfs (rw,relatime,attr2,inode64,noquota)
<br>sunrpc on /var/lib/nfs/rpc_pipefs type rpc_pipefs (rw,relatime)
<br>tmpfs on /run/user/1000 type tmpfs (rw,nosuid,nodev,relatime,size=1626716k,mode=700,uid=1000,gid=1000)
<br>binfmt_misc on /proc/sys/fs/binfmt_misc type binfmt_misc (rw,relatime)
<br>tmpfs on /run/user/0 type tmpfs (rw,nosuid,nodev,relatime,size=1626716k,mode=700)
<br></td></table><br><table class="gridtable" id="smart"><td>----->>>---->>>  硬盘SMART信息(需要root): 
<br></td></table><br><table class="gridtable" id="bootlog"><td>----->>>---->>>  /var/log/boot.log 
<br></td></table><br><table class="gridtable" id="cron_need"><td>----->>>---->>>  /var/log/cron(需要root) 
<br></td></table><br><table class="gridtable" id="dmesg"><td>----->>>---->>>  /var/log/dmesg 
<br>[    0.000000] Initializing cgroup subsys cpuset
<br>[    0.000000] Initializing cgroup subsys cpu
<br>[    0.000000] Initializing cgroup subsys cpuacct
<br>[    0.000000] Linux version 3.10.0-957.el7.x86_64 (mockbuild@kbuilder.bsys.centos.org) (gcc version 4.8.5 20150623 (Red Hat 4.8.5-36) (GCC) ) #1 SMP Thu Nov 8 23:39:32 UTC 2018
<br>[    0.000000] Command line: BOOT_IMAGE=/vmlinuz-3.10.0-957.el7.x86_64 root=/dev/mapper/centos-root ro crashkernel=160M rd.lvm.lv=centos/root rd.lvm.lv=centos/swap rhgb quiet LANG=en_US.UTF-8
<br>[    0.000000] Disabled fast string operations
<br>[    0.000000] e820: BIOS-provided physical RAM map:
<br>[    0.000000] BIOS-e820: [mem 0x0000000000000000-0x000000000009f3ff] usable
<br>[    0.000000] BIOS-e820: [mem 0x000000000009f400-0x000000000009ffff] reserved
<br>[    0.000000] BIOS-e820: [mem 0x00000000000dc000-0x00000000000fffff] reserved
<br>[    0.000000] BIOS-e820: [mem 0x0000000000100000-0x00000000bfedffff] usable
<br>[    0.000000] BIOS-e820: [mem 0x00000000bfee0000-0x00000000bfefefff] ACPI data
<br>[    0.000000] BIOS-e820: [mem 0x00000000bfeff000-0x00000000bfefffff] ACPI NVS
<br>[    0.000000] BIOS-e820: [mem 0x00000000bff00000-0x00000000bfffffff] usable
<br>[    0.000000] BIOS-e820: [mem 0x00000000f0000000-0x00000000f7ffffff] reserved
<br>[    0.000000] BIOS-e820: [mem 0x00000000fec00000-0x00000000fec0ffff] reserved
<br>[    0.000000] BIOS-e820: [mem 0x00000000fee00000-0x00000000fee00fff] reserved
<br>[    0.000000] BIOS-e820: [mem 0x00000000fffe0000-0x00000000ffffffff] reserved
<br>[    0.000000] BIOS-e820: [mem 0x0000000100000000-0x000000043fffffff] usable
<br>[    0.000000] NX (Execute Disable) protection: active
<br>[    0.000000] SMBIOS 2.7 present.
<br>[    0.000000] DMI: VMware, Inc. VMware Virtual Platform/440BX Desktop Reference Platform, BIOS 6.00 09/19/2018
<br>[    0.000000] Hypervisor detected: VMware
<br>[    0.000000] vmware: TSC freq read from hypervisor : 2095.078 MHz
<br>[    0.000000] vmware: Host bus clock speed read from hypervisor : 66000000 Hz
<br>[    0.000000] vmware: using sched offset of 6796536906 ns
<br>[    0.000000] e820: update [mem 0x00000000-0x00000fff] usable ==> reserved
<br>[    0.000000] e820: remove [mem 0x000a0000-0x000fffff] usable
<br>[    0.000000] e820: last_pfn = 0x440000 max_arch_pfn = 0x400000000
<br>[    0.000000] MTRR default type: uncachable
<br>[    0.000000] MTRR fixed ranges enabled:
<br>[    0.000000]   00000-9FFFF write-back
<br>[    0.000000]   A0000-BFFFF uncachable
<br>[    0.000000]   C0000-CFFFF write-protect
<br>[    0.000000]   D0000-EFFFF uncachable
<br>[    0.000000]   F0000-FFFFF write-protect
<br>[    0.000000] MTRR variable ranges enabled:
<br>[    0.000000]   0 base 000C0000000 mask 7FFC0000000 uncachable
<br>[    0.000000]   1 base 00000000000 mask 7F800000000 write-back
<br>[    0.000000]   2 disabled
<br>[    0.000000]   3 disabled
<br>[    0.000000]   4 disabled
<br>[    0.000000]   5 disabled
<br>[    0.000000]   6 disabled
<br>[    0.000000]   7 disabled
<br>[    0.000000] PAT configuration [0-7]: WB  WC  UC- UC  WB  WP  UC- UC  
<br>[    0.000000] original variable MTRRs
<br>[    0.000000] reg 0, base: 3GB, range: 1GB, type UC
<br>[    0.000000] reg 1, base: 0GB, range: 32GB, type WB
<br>[    0.000000] total RAM covered: 31744M
<br>[    0.000000] Found optimal setting for mtrr clean up
<br>[    0.000000]  gran_size: 64K 	chunk_size: 32G 	num_reg: 2  	lose cover RAM: 0G
<br>[    0.000000] New variable MTRRs
<br>[    0.000000] reg 0, base: 0GB, range: 32GB, type WB
<br>[    0.000000] reg 1, base: 3GB, range: 1GB, type UC
<br>[    0.000000] e820: update [mem 0xc0000000-0xffffffff] usable ==> reserved
<br>[    0.000000] e820: last_pfn = 0xc0000 max_arch_pfn = 0x400000000
<br>[    0.000000] found SMP MP-table at [mem 0x000f6a80-0x000f6a8f] mapped at [ffffffffff200a80]
<br>[    0.000000] Base memory trampoline at [ffff8c74c0099000] 99000 size 24576
<br>[    0.000000] Using GB pages for direct mapping
<br>[    0.000000] BRK [0x2faa53000, 0x2faa53fff] PGTABLE
<br>[    0.000000] BRK [0x2faa54000, 0x2faa54fff] PGTABLE
<br>[    0.000000] BRK [0x2faa55000, 0x2faa55fff] PGTABLE
<br>[    0.000000] BRK [0x2faa56000, 0x2faa56fff] PGTABLE
<br>[    0.000000] BRK [0x2faa57000, 0x2faa57fff] PGTABLE
<br>[    0.000000] BRK [0x2faa58000, 0x2faa58fff] PGTABLE
<br>[    0.000000] RAMDISK: [mem 0x35696000-0x36b42fff]
<br>[    0.000000] Early table checksum verification disabled
<br>[    0.000000] ACPI: RSDP 00000000000f6a10 00024 (v02 PTLTD )
<br>[    0.000000] ACPI: XSDT 00000000bfeefddb 0005C (v01 INTEL  440BX    06040000 VMW  01324272)
<br>[    0.000000] ACPI: FACP 00000000bfefee73 000F4 (v04 INTEL  440BX    06040000 PTL  000F4240)
<br>[    0.000000] ACPI: DSDT 00000000bfef01d5 0EC9E (v01 PTLTD  Custom   06040000 MSFT 03000001)
<br>[    0.000000] ACPI: FACS 00000000bfefffc0 00040
<br>[    0.000000] ACPI: BOOT 00000000bfef01ad 00028 (v01 PTLTD  $SBFTBL$ 06040000  LTP 00000001)
<br>[    0.000000] ACPI: APIC 00000000bfef00fb 000B2 (v01 PTLTD  ? APIC   06040000  LTP 00000000)
<br>[    0.000000] ACPI: MCFG 00000000bfef00bf 0003C (v01 PTLTD  $PCITBL$ 06040000  LTP 00000001)
<br>[    0.000000] ACPI: SRAT 00000000bfeefed7 00128 (v02 VMWARE MEMPLUG  06040000 VMW  00000001)
<br>[    0.000000] ACPI: HPET 00000000bfeefe9f 00038 (v01 VMWARE VMW HPET 06040000 VMW  00000001)
<br>[    0.000000] ACPI: WAET 00000000bfeefe77 00028 (v01 VMWARE VMW WAET 06040000 VMW  00000001)
<br>[    0.000000] ACPI: Local APIC address 0xfee00000
<br>[    0.000000] SRAT: PXM 0 -> APIC 0x00 -> Node 0
<br>[    0.000000] SRAT: PXM 0 -> APIC 0x02 -> Node 0
<br>[    0.000000] SRAT: PXM 0 -> APIC 0x04 -> Node 0
<br>[    0.000000] SRAT: PXM 0 -> APIC 0x06 -> Node 0
<br>[    0.000000] SRAT: PXM 0 -> APIC 0x08 -> Node 0
<br>[    0.000000] SRAT: PXM 0 -> APIC 0x0a -> Node 0
<br>[    0.000000] SRAT: PXM 0 -> APIC 0x0c -> Node 0
<br>[    0.000000] SRAT: PXM 0 -> APIC 0x0e -> Node 0
<br>[    0.000000] SRAT: Node 0 PXM 0 [mem 0x00000000-0x0009ffff]
<br>[    0.000000] SRAT: Node 0 PXM 0 [mem 0x00100000-0xbfffffff]
<br>[    0.000000] SRAT: Node 0 PXM 0 [mem 0x100000000-0x43fffffff]
<br>[    0.000000] NUMA: Node 0 [mem 0x00000000-0x0009ffff] + [mem 0x00100000-0xbfffffff] -> [mem 0x00000000-0xbfffffff]
<br>[    0.000000] NUMA: Node 0 [mem 0x00000000-0xbfffffff] + [mem 0x100000000-0x43fffffff] -> [mem 0x00000000-0x43fffffff]
<br>[    0.000000] NODE_DATA(0) allocated [mem 0x43ffd9000-0x43fffffff]
<br>[    0.000000] Reserving 160MB of memory at 688MB for crashkernel (System RAM: 16383MB)
<br>[    0.000000] Zone ranges:
<br>[    0.000000]   DMA      [mem 0x00001000-0x00ffffff]
<br>[    0.000000]   DMA32    [mem 0x01000000-0xffffffff]
<br>[    0.000000]   Normal   [mem 0x100000000-0x43fffffff]
<br>[    0.000000] Movable zone start for each node
<br>[    0.000000] Early memory node ranges
<br>[    0.000000]   node   0: [mem 0x00001000-0x0009efff]
<br>[    0.000000]   node   0: [mem 0x00100000-0xbfedffff]
<br>[    0.000000]   node   0: [mem 0xbff00000-0xbfffffff]
<br>[    0.000000]   node   0: [mem 0x100000000-0x43fffffff]
<br>[    0.000000] Initmem setup node 0 [mem 0x00001000-0x43fffffff]
<br>[    0.000000] On node 0 totalpages: 4194174
<br>[    0.000000]   DMA zone: 64 pages used for memmap
<br>[    0.000000]   DMA zone: 21 pages reserved
<br>[    0.000000]   DMA zone: 3998 pages, LIFO batch:0
<br>[    0.000000]   DMA32 zone: 12224 pages used for memmap
<br>[    0.000000]   DMA32 zone: 782304 pages, LIFO batch:31
<br>[    0.000000]   Normal zone: 53248 pages used for memmap
<br>[    0.000000]   Normal zone: 3407872 pages, LIFO batch:31
<br>[    0.000000] ACPI: PM-Timer IO Port: 0x1008
<br>[    0.000000] ACPI: Local APIC address 0xfee00000
<br>[    0.000000] ACPI: LAPIC (acpi_id[0x00] lapic_id[0x00] enabled)
<br>[    0.000000] ACPI: LAPIC (acpi_id[0x01] lapic_id[0x02] enabled)
<br>[    0.000000] ACPI: LAPIC (acpi_id[0x02] lapic_id[0x04] enabled)
<br>[    0.000000] ACPI: LAPIC (acpi_id[0x03] lapic_id[0x06] enabled)
<br>[    0.000000] ACPI: LAPIC (acpi_id[0x04] lapic_id[0x08] enabled)
<br>[    0.000000] ACPI: LAPIC (acpi_id[0x05] lapic_id[0x0a] enabled)
<br>[    0.000000] ACPI: LAPIC (acpi_id[0x06] lapic_id[0x0c] enabled)
<br>[    0.000000] ACPI: LAPIC (acpi_id[0x07] lapic_id[0x0e] enabled)
<br>[    0.000000] ACPI: LAPIC_NMI (acpi_id[0x00] high edge lint[0x1])
<br>[    0.000000] ACPI: LAPIC_NMI (acpi_id[0x01] high edge lint[0x1])
<br>[    0.000000] ACPI: LAPIC_NMI (acpi_id[0x02] high edge lint[0x1])
<br>[    0.000000] ACPI: LAPIC_NMI (acpi_id[0x03] high edge lint[0x1])
<br>[    0.000000] ACPI: LAPIC_NMI (acpi_id[0x04] high edge lint[0x1])
<br>[    0.000000] ACPI: LAPIC_NMI (acpi_id[0x05] high edge lint[0x1])
<br>[    0.000000] ACPI: LAPIC_NMI (acpi_id[0x06] high edge lint[0x1])
<br>[    0.000000] ACPI: LAPIC_NMI (acpi_id[0x07] high edge lint[0x1])
<br>[    0.000000] ACPI: IOAPIC (id[0x01] address[0xfec00000] gsi_base[0])
<br>[    0.000000] IOAPIC[0]: apic_id 1, version 17, address 0xfec00000, GSI 0-23
<br>[    0.000000] ACPI: INT_SRC_OVR (bus 0 bus_irq 0 global_irq 2 high edge)
<br>[    0.000000] ACPI: IRQ0 used by override.
<br>[    0.000000] ACPI: IRQ9 used by override.
<br>[    0.000000] Using ACPI (MADT) for SMP configuration information
<br>[    0.000000] ACPI: HPET id: 0x8086af01 base: 0xfed00000
<br>[    0.000000] smpboot: Allowing 8 CPUs, 0 hotplug CPUs
<br>[    0.000000] PM: Registered nosave memory: [mem 0x0009f000-0x0009ffff]
<br>[    0.000000] PM: Registered nosave memory: [mem 0x000a0000-0x000dbfff]
<br>[    0.000000] PM: Registered nosave memory: [mem 0x000dc000-0x000fffff]
<br>[    0.000000] PM: Registered nosave memory: [mem 0xbfee0000-0xbfefefff]
<br>[    0.000000] PM: Registered nosave memory: [mem 0xbfeff000-0xbfefffff]
<br>[    0.000000] PM: Registered nosave memory: [mem 0xc0000000-0xefffffff]
<br>[    0.000000] PM: Registered nosave memory: [mem 0xf0000000-0xf7ffffff]
<br>[    0.000000] PM: Registered nosave memory: [mem 0xf8000000-0xfebfffff]
<br>[    0.000000] PM: Registered nosave memory: [mem 0xfec00000-0xfec0ffff]
<br>[    0.000000] PM: Registered nosave memory: [mem 0xfec10000-0xfedfffff]
<br>[    0.000000] PM: Registered nosave memory: [mem 0xfee00000-0xfee00fff]
<br>[    0.000000] PM: Registered nosave memory: [mem 0xfee01000-0xfffdffff]
<br>[    0.000000] PM: Registered nosave memory: [mem 0xfffe0000-0xffffffff]
<br>[    0.000000] e820: [mem 0xc0000000-0xefffffff] available for PCI devices
<br>[    0.000000] Booting paravirtualized kernel on VMware hypervisor
<br>[    0.000000] setup_percpu: NR_CPUS:5120 nr_cpumask_bits:8 nr_cpu_ids:8 nr_node_ids:1
<br>[    0.000000] PERCPU: Embedded 38 pages/cpu @ffff8c78ffc00000 s118784 r8192 d28672 u262144
<br>[    0.000000] pcpu-alloc: s118784 r8192 d28672 u262144 alloc=1*2097152
<br>[    0.000000] pcpu-alloc: [0] 0 1 2 3 4 5 6 7 
<br>[    0.000000] Built 1 zonelists in Zone order, mobility grouping on.  Total pages: 4128617
<br>[    0.000000] Policy zone: Normal
<br>[    0.000000] Kernel command line: BOOT_IMAGE=/vmlinuz-3.10.0-957.el7.x86_64 root=/dev/mapper/centos-root ro crashkernel=160M rd.lvm.lv=centos/root rd.lvm.lv=centos/swap rhgb quiet LANG=en_US.UTF-8
<br>[    0.000000] PID hash table entries: 4096 (order: 3, 32768 bytes)
<br>[    0.000000] x86/fpu: xstate_offset[2]: 0240, xstate_sizes[2]: 0100
<br>[    0.000000] xsave: enabled xstate_bv 0x7, cntxt size 0x340 using standard form
<br>[    0.000000] Memory: 4991696k/17825792k available (7664k kernel code, 1049096k absent, 533736k reserved, 6055k data, 1876k init)
<br>[    0.000000] SLUB: HWalign=64, Order=0-3, MinObjects=0, CPUs=8, Nodes=1
<br>[    0.000000] x86/pti: Unmapping kernel while in userspace
<br>[    0.000000] Hierarchical RCU implementation.
<br>[    0.000000] 	RCU restricting CPUs from NR_CPUS=5120 to nr_cpu_ids=8.
<br>[    0.000000] NR_IRQS:327936 nr_irqs:488 0
<br>[    0.000000] Console: colour VGA+ 80x25
<br>[    0.000000] console [tty0] enabled
<br>[    0.000000] allocated 67108864 bytes of page_cgroup
<br>[    0.000000] please try 'cgroup_disable=memory' option if you don't want memory cgroups
<br>[    0.000000] hpet clockevent registered
<br>[    0.000000] tsc: Detected 2095.078 MHz processor
<br>[    0.546833] Calibrating delay loop (skipped) preset value.. 4190.15 BogoMIPS (lpj=2095078)
<br>[    0.546840] pid_max: default: 32768 minimum: 301
<br>[    0.546936] Security Framework initialized
<br>[    0.546952] SELinux:  Initializing.
<br>[    0.546973] SELinux:  Starting in permissive mode
<br>[    0.546975] Yama: becoming mindful.
<br>[    0.549886] Dentry cache hash table entries: 2097152 (order: 12, 16777216 bytes)
<br>[    0.577137] Inode-cache hash table entries: 1048576 (order: 11, 8388608 bytes)
<br>[    0.587729] Mount-cache hash table entries: 32768 (order: 6, 262144 bytes)
<br>[    0.587745] Mountpoint-cache hash table entries: 32768 (order: 6, 262144 bytes)
<br>[    0.588761] Initializing cgroup subsys memory
<br>[    0.588804] Initializing cgroup subsys devices
<br>[    0.588806] Initializing cgroup subsys freezer
<br>[    0.588807] Initializing cgroup subsys net_cls
<br>[    0.588808] Initializing cgroup subsys blkio
<br>[    0.588809] Initializing cgroup subsys perf_event
<br>[    0.588811] Initializing cgroup subsys hugetlb
<br>[    0.588813] Initializing cgroup subsys pids
<br>[    0.588814] Initializing cgroup subsys net_prio
<br>[    0.588877] Disabled fast string operations
<br>[    0.590017] mce: CPU supports 8 MCE banks
<br>[    0.590116] Last level iTLB entries: 4KB 0, 2MB 0, 4MB 0
<br>[    0.590117] Last level dTLB entries: 4KB 64, 2MB 0, 4MB 0
<br>[    0.590118] tlb_flushall_shift: 6
<br>[    0.590143] Speculative Store Bypass: Mitigation: Speculative Store Bypass disabled via prctl and seccomp
<br>[    0.590192] FEATURE SPEC_CTRL Present
<br>[    0.590193] FEATURE IBPB_SUPPORT Present
<br>[    0.590486] Spectre V2 : Mitigation: Full retpoline
<br>[    0.592319] Freeing SMP alternatives: 28k freed
<br>[    0.596552] ACPI: Core revision 20130517
<br>[    0.603250] ACPI: All ACPI Tables successfully acquired
<br>[    0.608215] ftrace: allocating 29185 entries in 115 pages
<br>[    0.645058] Enabling x2apic
<br>[    0.645348] Enabled x2apic
<br>[    0.646327] Switched APIC routing to physical x2apic.
<br>[    0.650728] ..TIMER: vector=0x30 apic1=0 pin1=2 apic2=-1 pin2=-1
<br>[    0.650733] smpboot: CPU0: Intel(R) Xeon(R) Gold 6130 CPU @ 2.10GHz (fam: 06, model: 4f, stepping: 00)
<br>[    0.650784] TSC deadline timer enabled
<br>[    0.650908] Performance Events: Broadwell events, core PMU driver.
<br>[    0.650942] core: CPUID marked event: 'cpu cycles' unavailable
<br>[    0.650945] core: CPUID marked event: 'instructions' unavailable
<br>[    0.650948] core: CPUID marked event: 'bus cycles' unavailable
<br>[    0.650950] core: CPUID marked event: 'cache references' unavailable
<br>[    0.650953] core: CPUID marked event: 'cache misses' unavailable
<br>[    0.650955] core: CPUID marked event: 'branch instructions' unavailable
<br>[    0.650957] core: CPUID marked event: 'branch misses' unavailable
<br>[    0.650964] ... version:                1
<br>[    0.650967] ... bit width:              48
<br>[    0.650969] ... generic registers:      4
<br>[    0.650972] ... value mask:             0000ffffffffffff
<br>[    0.650975] ... max period:             000000007fffffff
<br>[    0.650978] ... fixed-purpose events:   0
<br>[    0.650980] ... event mask:             000000000000000f
<br>[    0.656523] NMI watchdog: disabled (cpu0): hardware events not enabled
<br>[    0.656528] NMI watchdog: Shutting down hard lockup detector on all cpus
<br>[    0.658254] Disabled fast string operations
<br>[    0.659517] smpboot: CPU 1 Converting physical 2 to logical package 1
<br>[    0.662036] Disabled fast string operations
<br>[    0.663590] smpboot: CPU 2 Converting physical 4 to logical package 2
<br>[    0.666371] Disabled fast string operations
<br>[    0.667926] smpboot: CPU 3 Converting physical 6 to logical package 3
<br>[    0.670572] Disabled fast string operations
<br>[    0.672143] smpboot: CPU 4 Converting physical 8 to logical package 4
<br>[    0.674862] Disabled fast string operations
<br>[    0.676439] smpboot: CPU 5 Converting physical 10 to logical package 5
<br>[    0.678257] Disabled fast string operations
<br>[    0.679692] smpboot: CPU 6 Converting physical 12 to logical package 6
<br>[    0.657006] smpboot: Booting Node   0, Processors  #1 #2 #3 #4 #5 #6 #7 OK
<br>[    0.682319] Disabled fast string operations
<br>[    0.683859] smpboot: CPU 7 Converting physical 14 to logical package 7
<br>[    0.683908] Skipped synchronization checks as TSC is reliable.
<br>[    0.683933] Brought up 8 CPUs
<br>[    0.683934] smpboot: Max logical packages: 8
<br>[    0.683936] smpboot: Total of 8 processors activated (33521.24 BogoMIPS)
<br>[    0.746512] node 0 initialised, 2812816 pages in 58ms
<br>[    0.746876] devtmpfs: initialized
<br>[    0.757768] EVM: security.selinux
<br>[    0.757773] EVM: security.ima
<br>[    0.757776] EVM: security.capability
<br>[    0.757942] PM: Registering ACPI NVS region [mem 0xbfeff000-0xbfefffff] (4096 bytes)
<br>[    0.759589] atomic64 test passed for x86-64 platform with CX8 and with SSE
<br>[    0.759593] pinctrl core: initialized pinctrl subsystem
<br>[    0.759726] RTC time:  3:50:20, date: 05/21/20
<br>[    0.759839] NET: Registered protocol family 16
<br>[    0.760049] ACPI: bus type PCI registered
<br>[    0.760052] acpiphp: ACPI Hot Plug PCI Controller Driver version: 0.5
<br>[    0.760230] PCI: MMCONFIG for domain 0000 [bus 00-7f] at [mem 0xf0000000-0xf7ffffff] (base 0xf0000000)
<br>[    0.760233] PCI: MMCONFIG at [mem 0xf0000000-0xf7ffffff] reserved in E820
<br>[    0.760240] pmd_set_huge: Cannot satisfy [mem 0xf0000000-0xf0200000] with a huge-page mapping due to MTRR override.
<br>[    0.760443] PCI: Using configuration type 1 for base access
<br>[    0.767598] ACPI: Added _OSI(Module Device)
<br>[    0.767601] ACPI: Added _OSI(Processor Device)
<br>[    0.767603] ACPI: Added _OSI(3.0 _SCP Extensions)
<br>[    0.767604] ACPI: Added _OSI(Processor Aggregator Device)
<br>[    0.767606] ACPI: Added _OSI(Linux-Dell-Video)
<br>[    0.770206] ACPI: EC: Look up EC in DSDT
<br>[    0.775109] ACPI: [Firmware Bug]: BIOS _OSI(Linux) query ignored
<br>[    0.781795] ACPI: Interpreter enabled
<br>[    0.781823] ACPI: (supports S0 S1 S4 S5)
<br>[    0.781827] ACPI: Using IOAPIC for interrupt routing
<br>[    0.781887] PCI: Using host bridge windows from ACPI; if necessary, use "pci=nocrs" and report a bug
<br>[    0.782454] ACPI: Enabled 4 GPEs in block 00 to 0F
<br>[    0.837965] ACPI: PCI Root Bridge [PCI0] (domain 0000 [bus 00-7f])
<br>[    0.837972] acpi PNP0A03:00: _OSC: OS supports [ExtendedConfig ASPM ClockPM Segments MSI]
<br>[    0.838124] acpi PNP0A03:00: _OSC: platform does not support [AER]
<br>[    0.838272] acpi PNP0A03:00: _OSC: OS now controls [PCIeHotplug SHPCHotplug PME PCIeCapability]
<br>[    0.839755] PCI host bridge to bus 0000:00
<br>[    0.839758] pci_bus 0000:00: root bus resource [mem 0x000a0000-0x000bffff window]
<br>[    0.839760] pci_bus 0000:00: root bus resource [mem 0x000d0000-0x000d3fff window]
<br>[    0.839761] pci_bus 0000:00: root bus resource [mem 0x000d4000-0x000d7fff window]
<br>[    0.839763] pci_bus 0000:00: root bus resource [mem 0x000d8000-0x000dbfff window]
<br>[    0.839765] pci_bus 0000:00: root bus resource [mem 0xc0000000-0xfebfffff window]
<br>[    0.839766] pci_bus 0000:00: root bus resource [io  0x0000-0x0cf7 window]
<br>[    0.839768] pci_bus 0000:00: root bus resource [io  0x0d00-0xfeff window]
<br>[    0.839770] pci_bus 0000:00: root bus resource [bus 00-7f]
<br>[    0.839817] pci 0000:00:00.0: [8086:7190] type 00 class 0x060000
<br>[    0.840393] pci 0000:00:01.0: [8086:7191] type 01 class 0x060400
<br>[    0.840853] pci 0000:00:07.0: [8086:7110] type 00 class 0x060100
<br>[    0.841481] pci 0000:00:07.1: [8086:7111] type 00 class 0x01018a
<br>[    0.842676] pci 0000:00:07.1: reg 0x20: [io  0x1060-0x106f]
<br>[    0.843409] pci 0000:00:07.1: legacy IDE quirk: reg 0x10: [io  0x01f0-0x01f7]
<br>[    0.843416] pci 0000:00:07.1: legacy IDE quirk: reg 0x14: [io  0x03f6]
<br>[    0.843421] pci 0000:00:07.1: legacy IDE quirk: reg 0x18: [io  0x0170-0x0177]
<br>[    0.843425] pci 0000:00:07.1: legacy IDE quirk: reg 0x1c: [io  0x0376]
<br>[    0.844022] pci 0000:00:07.3: [8086:7113] type 00 class 0x068000
<br>[    0.847728] pci 0000:00:07.3: quirk: [io  0x1000-0x103f] claimed by PIIX4 ACPI
<br>[    0.847761] pci 0000:00:07.3: quirk: [io  0x1040-0x104f] claimed by PIIX4 SMB
<br>[    0.848560] pci 0000:00:07.7: [15ad:0740] type 00 class 0x088000
<br>[    0.850647] pci 0000:00:07.7: reg 0x10: [io  0x1080-0x10bf]
<br>[    0.852576] pci 0000:00:07.7: reg 0x14: [mem 0xfebfe000-0xfebfffff 64bit]
<br>[    0.861991] pci 0000:00:0f.0: [15ad:0405] type 00 class 0x030000
<br>[    0.867586] pci 0000:00:0f.0: reg 0x10: [io  0x1070-0x107f]
<br>[    0.873103] pci 0000:00:0f.0: reg 0x14: [mem 0xe8000000-0xefffffff pref]
<br>[    0.877508] pci 0000:00:0f.0: reg 0x18: [mem 0xfe000000-0xfe7fffff]
<br>[    0.895936] pci 0000:00:0f.0: reg 0x30: [mem 0x00000000-0x00007fff pref]
<br>[    0.897010] pci 0000:00:11.0: [15ad:0790] type 01 class 0x060401
<br>[    0.898268] pci 0000:00:11.0: System wakeup disabled by ACPI
<br>[    0.898743] pci 0000:00:15.0: [15ad:07a0] type 01 class 0x060400
<br>[    0.900326] pci 0000:00:15.0: PME# supported from D0 D3hot D3cold
<br>[    0.900722] pci 0000:00:15.0: System wakeup disabled by ACPI
<br>[    0.900964] pci 0000:00:15.1: [15ad:07a0] type 01 class 0x060400
<br>[    0.902042] pci 0000:00:15.1: PME# supported from D0 D3hot D3cold
<br>[    0.902301] pci 0000:00:15.1: System wakeup disabled by ACPI
<br>[    0.902503] pci 0000:00:15.2: [15ad:07a0] type 01 class 0x060400
<br>[    0.903589] pci 0000:00:15.2: PME# supported from D0 D3hot D3cold
<br>[    0.903845] pci 0000:00:15.2: System wakeup disabled by ACPI
<br>[    0.904053] pci 0000:00:15.3: [15ad:07a0] type 01 class 0x060400
<br>[    0.905123] pci 0000:00:15.3: PME# supported from D0 D3hot D3cold
<br>[    0.905389] pci 0000:00:15.3: System wakeup disabled by ACPI
<br>[    0.905589] pci 0000:00:15.4: [15ad:07a0] type 01 class 0x060400
<br>[    0.906658] pci 0000:00:15.4: PME# supported from D0 D3hot D3cold
<br>[    0.906915] pci 0000:00:15.4: System wakeup disabled by ACPI
<br>[    0.907121] pci 0000:00:15.5: [15ad:07a0] type 01 class 0x060400
<br>[    0.908189] pci 0000:00:15.5: PME# supported from D0 D3hot D3cold
<br>[    0.908445] pci 0000:00:15.5: System wakeup disabled by ACPI
<br>[    0.908646] pci 0000:00:15.6: [15ad:07a0] type 01 class 0x060400
<br>[    0.909719] pci 0000:00:15.6: PME# supported from D0 D3hot D3cold
<br>[    0.909975] pci 0000:00:15.6: System wakeup disabled by ACPI
<br>[    0.910191] pci 0000:00:15.7: [15ad:07a0] type 01 class 0x060400
<br>[    0.911032] pci 0000:00:15.7: PME# supported from D0 D3hot D3cold
<br>[    0.911190] pci 0000:00:15.7: System wakeup disabled by ACPI
<br>[    0.911340] pci 0000:00:16.0: [15ad:07a0] type 01 class 0x060400
<br>[    0.911946] pci 0000:00:16.0: PME# supported from D0 D3hot D3cold
<br>[    0.912093] pci 0000:00:16.0: System wakeup disabled by ACPI
<br>[    0.912213] pci 0000:00:16.1: [15ad:07a0] type 01 class 0x060400
<br>[    0.912820] pci 0000:00:16.1: PME# supported from D0 D3hot D3cold
<br>[    0.912966] pci 0000:00:16.1: System wakeup disabled by ACPI
<br>[    0.913087] pci 0000:00:16.2: [15ad:07a0] type 01 class 0x060400
<br>[    0.913697] pci 0000:00:16.2: PME# supported from D0 D3hot D3cold
<br>[    0.913843] pci 0000:00:16.2: System wakeup disabled by ACPI
<br>[    0.913958] pci 0000:00:16.3: [15ad:07a0] type 01 class 0x060400
<br>[    0.914570] pci 0000:00:16.3: PME# supported from D0 D3hot D3cold
<br>[    0.914717] pci 0000:00:16.3: System wakeup disabled by ACPI
<br>[    0.914832] pci 0000:00:16.4: [15ad:07a0] type 01 class 0x060400
<br>[    0.915443] pci 0000:00:16.4: PME# supported from D0 D3hot D3cold
<br>[    0.915596] pci 0000:00:16.4: System wakeup disabled by ACPI
<br>[    0.915717] pci 0000:00:16.5: [15ad:07a0] type 01 class 0x060400
<br>[    0.916328] pci 0000:00:16.5: PME# supported from D0 D3hot D3cold
<br>[    0.916475] pci 0000:00:16.5: System wakeup disabled by ACPI
<br>[    0.916590] pci 0000:00:16.6: [15ad:07a0] type 01 class 0x060400
<br>[    0.917201] pci 0000:00:16.6: PME# supported from D0 D3hot D3cold
<br>[    0.917348] pci 0000:00:16.6: System wakeup disabled by ACPI
<br>[    0.917463] pci 0000:00:16.7: [15ad:07a0] type 01 class 0x060400
<br>[    0.918071] pci 0000:00:16.7: PME# supported from D0 D3hot D3cold
<br>[    0.918218] pci 0000:00:16.7: System wakeup disabled by ACPI
<br>[    0.918373] pci 0000:00:17.0: [15ad:07a0] type 01 class 0x060400
<br>[    0.918979] pci 0000:00:17.0: PME# supported from D0 D3hot D3cold
<br>[    0.919130] pci 0000:00:17.0: System wakeup disabled by ACPI
<br>[    0.919248] pci 0000:00:17.1: [15ad:07a0] type 01 class 0x060400
<br>[    0.919855] pci 0000:00:17.1: PME# supported from D0 D3hot D3cold
<br>[    0.920001] pci 0000:00:17.1: System wakeup disabled by ACPI
<br>[    0.920117] pci 0000:00:17.2: [15ad:07a0] type 01 class 0x060400
<br>[    0.920727] pci 0000:00:17.2: PME# supported from D0 D3hot D3cold
<br>[    0.920874] pci 0000:00:17.2: System wakeup disabled by ACPI
<br>[    0.920997] pci 0000:00:17.3: [15ad:07a0] type 01 class 0x060400
<br>[    0.921607] pci 0000:00:17.3: PME# supported from D0 D3hot D3cold
<br>[    0.921760] pci 0000:00:17.3: System wakeup disabled by ACPI
<br>[    0.922150] pci 0000:00:17.4: [15ad:07a0] type 01 class 0x060400
<br>[    0.923951] pci 0000:00:17.4: PME# supported from D0 D3hot D3cold
<br>[    0.924393] pci 0000:00:17.4: System wakeup disabled by ACPI
<br>[    0.924748] pci 0000:00:17.5: [15ad:07a0] type 01 class 0x060400
<br>[    0.926495] pci 0000:00:17.5: PME# supported from D0 D3hot D3cold
<br>[    0.926924] pci 0000:00:17.5: System wakeup disabled by ACPI
<br>[    0.927276] pci 0000:00:17.6: [15ad:07a0] type 01 class 0x060400
<br>[    0.929002] pci 0000:00:17.6: PME# supported from D0 D3hot D3cold
<br>[    0.929444] pci 0000:00:17.6: System wakeup disabled by ACPI
<br>[    0.929756] pci 0000:00:17.7: [15ad:07a0] type 01 class 0x060400
<br>[    0.931192] pci 0000:00:17.7: PME# supported from D0 D3hot D3cold
<br>[    0.931414] pci 0000:00:17.7: System wakeup disabled by ACPI
<br>[    0.931580] pci 0000:00:18.0: [15ad:07a0] type 01 class 0x060400
<br>[    0.932479] pci 0000:00:18.0: PME# supported from D0 D3hot D3cold
<br>[    0.932695] pci 0000:00:18.0: System wakeup disabled by ACPI
<br>[    0.932857] pci 0000:00:18.1: [15ad:07a0] type 01 class 0x060400
<br>[    0.933759] pci 0000:00:18.1: PME# supported from D0 D3hot D3cold
<br>[    0.933980] pci 0000:00:18.1: System wakeup disabled by ACPI
<br>[    0.934143] pci 0000:00:18.2: [15ad:07a0] type 01 class 0x060400
<br>[    0.935041] pci 0000:00:18.2: PME# supported from D0 D3hot D3cold
<br>[    0.935258] pci 0000:00:18.2: System wakeup disabled by ACPI
<br>[    0.935425] pci 0000:00:18.3: [15ad:07a0] type 01 class 0x060400
<br>[    0.936319] pci 0000:00:18.3: PME# supported from D0 D3hot D3cold
<br>[    0.936541] pci 0000:00:18.3: System wakeup disabled by ACPI
<br>[    0.936703] pci 0000:00:18.4: [15ad:07a0] type 01 class 0x060400
<br>[    0.937601] pci 0000:00:18.4: PME# supported from D0 D3hot D3cold
<br>[    0.937815] pci 0000:00:18.4: System wakeup disabled by ACPI
<br>[    0.937980] pci 0000:00:18.5: [15ad:07a0] type 01 class 0x060400
<br>[    0.938876] pci 0000:00:18.5: PME# supported from D0 D3hot D3cold
<br>[    0.939100] pci 0000:00:18.5: System wakeup disabled by ACPI
<br>[    0.939262] pci 0000:00:18.6: [15ad:07a0] type 01 class 0x060400
<br>[    0.940161] pci 0000:00:18.6: PME# supported from D0 D3hot D3cold
<br>[    0.940376] pci 0000:00:18.6: System wakeup disabled by ACPI
<br>[    0.940543] pci 0000:00:18.7: [15ad:07a0] type 01 class 0x060400
<br>[    0.941187] pci 0000:00:18.7: PME# supported from D0 D3hot D3cold
<br>[    0.941334] pci 0000:00:18.7: System wakeup disabled by ACPI
<br>[    0.941761] pci 0000:00:01.0: PCI bridge to [bus 01]
<br>[    0.942140] acpiphp: Slot [32] registered
<br>[    0.942200] acpiphp: Slot [33] registered
<br>[    0.942258] acpiphp: Slot [34] registered
<br>[    0.942316] acpiphp: Slot [35] registered
<br>[    0.942375] acpiphp: Slot [36] registered
<br>[    0.942438] acpiphp: Slot [37] registered
<br>[    0.942496] acpiphp: Slot [38] registered
<br>[    0.942555] acpiphp: Slot [39] registered
<br>[    0.942613] acpiphp: Slot [40] registered
<br>[    0.942671] acpiphp: Slot [41] registered
<br>[    0.942729] acpiphp: Slot [42] registered
<br>[    0.942787] acpiphp: Slot [43] registered
<br>[    0.942846] acpiphp: Slot [44] registered
<br>[    0.942904] acpiphp: Slot [45] registered
<br>[    0.942963] acpiphp: Slot [46] registered
<br>[    0.943024] acpiphp: Slot [47] registered
<br>[    0.943083] acpiphp: Slot [48] registered
<br>[    0.943141] acpiphp: Slot [49] registered
<br>[    0.943199] acpiphp: Slot [50] registered
<br>[    0.943260] acpiphp: Slot [51] registered
<br>[    0.943318] acpiphp: Slot [52] registered
<br>[    0.943376] acpiphp: Slot [53] registered
<br>[    0.943434] acpiphp: Slot [54] registered
<br>[    0.943496] acpiphp: Slot [55] registered
<br>[    0.943554] acpiphp: Slot [56] registered
<br>[    0.943614] acpiphp: Slot [57] registered
<br>[    0.943672] acpiphp: Slot [58] registered
<br>[    0.943730] acpiphp: Slot [59] registered
<br>[    0.943788] acpiphp: Slot [60] registered
<br>[    0.943846] acpiphp: Slot [61] registered
<br>[    0.943904] acpiphp: Slot [62] registered
<br>[    0.943963] acpiphp: Slot [63] registered
<br>[    0.944064] pci 0000:02:01.0: [15ad:07e0] type 00 class 0x010601
<br>[    0.952863] pci 0000:02:01.0: reg 0x24: [mem 0xfd5ff000-0xfd5fffff]
<br>[    0.954331] pci 0000:02:01.0: reg 0x30: [mem 0x00000000-0x0000ffff pref]
<br>[    0.954676] pci 0000:02:01.0: PME# supported from D3hot
<br>[    0.954813] pci 0000:02:01.0: System wakeup disabled by ACPI
<br>[    0.955097] pci 0000:00:11.0: PCI bridge to [bus 02] (subtractive decode)
<br>[    0.955116] pci 0000:00:11.0:   bridge window [io  0x2000-0x3fff]
<br>[    0.955137] pci 0000:00:11.0:   bridge window [mem 0xfd500000-0xfdffffff]
<br>[    0.955174] pci 0000:00:11.0:   bridge window [mem 0xe7b00000-0xe7ffffff 64bit pref]
<br>[    0.955176] pci 0000:00:11.0:   bridge window [mem 0x000a0000-0x000bffff window] (subtractive decode)
<br>[    0.955177] pci 0000:00:11.0:   bridge window [mem 0x000d0000-0x000d3fff window] (subtractive decode)
<br>[    0.955179] pci 0000:00:11.0:   bridge window [mem 0x000d4000-0x000d7fff window] (subtractive decode)
